Component: ARM Compiler 5.06 update 7 (build 960) Tool: armlink [4d3601]

==============================================================================

Section Cross References

    system_py32f0xx.o(i.$Sub$$main) refers to main.o(i.main) for $Super$$main
    system_py32f0xx.o(i.$Sub$$main) refers to system_py32f0xx.o(.ARM.__at_0x20000000) for .ARM.__at_0x20000000
    system_py32f0xx.o(i.SystemCoreClockUpdate) refers to aeabi_sdiv.o(.text) for __aeabi_uidivmod
    system_py32f0xx.o(i.SystemCoreClockUpdate) refers to system_py32f0xx.o(.data) for .data
    system_py32f0xx.o(i.SystemCoreClockUpdate) refers to system_py32f0xx.o(.constdata) for .constdata
    startup_py32f030xx.o(STACK) refers (Special) to heapauxi.o(.text) for __use_two_region_memory
    startup_py32f030xx.o(HEAP) refers (Special) to heapauxi.o(.text) for __use_two_region_memory
    startup_py32f030xx.o(RESET) refers (Special) to heapauxi.o(.text) for __use_two_region_memory
    startup_py32f030xx.o(RESET) refers to startup_py32f030xx.o(STACK) for __initial_sp
    startup_py32f030xx.o(RESET) refers to startup_py32f030xx.o(.text) for Reset_Handler
    startup_py32f030xx.o(RESET) refers to py32f0xx_it.o(i.NMI_Handler) for NMI_Handler
    startup_py32f030xx.o(RESET) refers to py32f0xx_it.o(i.HardFault_Handler) for HardFault_Handler
    startup_py32f030xx.o(RESET) refers to py32f0xx_it.o(i.SVC_Handler) for SVC_Handler
    startup_py32f030xx.o(RESET) refers to py32f0xx_it.o(i.PendSV_Handler) for PendSV_Handler
    startup_py32f030xx.o(RESET) refers to py32f0xx_it.o(i.SysTick_Handler) for SysTick_Handler
    startup_py32f030xx.o(.text) refers (Special) to heapauxi.o(.text) for __use_two_region_memory
    startup_py32f030xx.o(.text) refers to system_py32f0xx.o(i.SystemInit) for SystemInit
    startup_py32f030xx.o(.text) refers to __main.o(!!!main) for __main
    startup_py32f030xx.o(.text) refers to startup_py32f030xx.o(HEAP) for Heap_Mem
    startup_py32f030xx.o(.text) refers to startup_py32f030xx.o(STACK) for Stack_Mem
    py32f0xx_it.o(i.SysTick_Handler) refers to py32f0xx_hal.o(i.HAL_IncTick) for HAL_IncTick
    py32f0xx_hal.o(i.HAL_DeInit) refers to py32f0xx_hal.o(i.HAL_MspDeInit) for HAL_MspDeInit
    py32f0xx_hal.o(i.HAL_Delay) refers to py32f0xx_hal.o(i.HAL_GetTick) for HAL_GetTick
    py32f0xx_hal.o(i.HAL_Delay) refers to py32f0xx_hal.o(.data) for .data
    py32f0xx_hal.o(i.HAL_GetTick) refers to py32f0xx_hal.o(.data) for .data
    py32f0xx_hal.o(i.HAL_GetTickFreq) refers to py32f0xx_hal.o(.data) for .data
    py32f0xx_hal.o(i.HAL_GetTickPrio) refers to py32f0xx_hal.o(.data) for .data
    py32f0xx_hal.o(i.HAL_IncTick) refers to py32f0xx_hal.o(.data) for .data
    py32f0xx_hal.o(i.HAL_Init) refers to py32f0xx_hal.o(i.HAL_InitTick) for HAL_InitTick
    py32f0xx_hal.o(i.HAL_Init) refers to py32f0xx_hal_msp.o(i.HAL_MspInit) for HAL_MspInit
    py32f0xx_hal.o(i.HAL_InitTick) refers to aeabi_sdiv.o(.text) for __aeabi_uidivmod
    py32f0xx_hal.o(i.HAL_InitTick) refers to py32f0xx_hal_cortex.o(i.HAL_SYSTICK_Config) for HAL_SYSTICK_Config
    py32f0xx_hal.o(i.HAL_InitTick) refers to py32f0xx_hal_cortex.o(i.HAL_NVIC_SetPriority) for HAL_NVIC_SetPriority
    py32f0xx_hal.o(i.HAL_InitTick) refers to py32f0xx_hal.o(.data) for .data
    py32f0xx_hal.o(i.HAL_InitTick) refers to system_py32f0xx.o(.data) for SystemCoreClock
    py32f0xx_hal.o(i.HAL_SetTickFreq) refers to py32f0xx_hal.o(i.HAL_InitTick) for HAL_InitTick
    py32f0xx_hal.o(i.HAL_SetTickFreq) refers to py32f0xx_hal.o(.data) for .data
    py32f0xx_hal_cortex.o(i.HAL_NVIC_SetPriority) refers to py32f0xx_hal_cortex.o(i.NVIC_SetPriority) for NVIC_SetPriority
    py32f0xx_hal_cortex.o(i.HAL_SYSTICK_Config) refers to py32f0xx_hal_cortex.o(i.NVIC_SetPriority) for NVIC_SetPriority
    py32f0xx_hal_cortex.o(i.HAL_SYSTICK_IRQHandler) refers to py32f0xx_hal_cortex.o(i.HAL_SYSTICK_Callback) for HAL_SYSTICK_Callback
    py32f0xx_hal_dma.o(i.HAL_DMA_ChannelMap) refers to aeabi_sdiv.o(.text) for __aeabi_uidivmod
    py32f0xx_hal_dma.o(i.HAL_DMA_DeInit) refers to aeabi_sdiv.o(.text) for __aeabi_uidivmod
    py32f0xx_hal_dma.o(i.HAL_DMA_Init) refers to aeabi_sdiv.o(.text) for __aeabi_uidivmod
    py32f0xx_hal_dma.o(i.HAL_DMA_PollForTransfer) refers to py32f0xx_hal.o(i.HAL_GetTick) for HAL_GetTick
    py32f0xx_hal_dma.o(i.HAL_DMA_Start) refers to py32f0xx_hal_dma.o(i.DMA_SetConfig) for DMA_SetConfig
    py32f0xx_hal_dma.o(i.HAL_DMA_Start_IT) refers to py32f0xx_hal_dma.o(i.DMA_SetConfig) for DMA_SetConfig
    py32f0xx_hal_dma.o(i.HAL_DMA_UnRegisterCallback) refers to py32f0xx_hal_dma.o(i.__ARM_common_switch8) for __ARM_common_switch8
    py32f0xx_hal_flash.o(i.FLASH_MassErase) refers to py32f0xx_hal_flash.o(.bss) for .bss
    py32f0xx_hal_flash.o(i.FLASH_PageErase) refers to py32f0xx_hal_flash.o(.bss) for .bss
    py32f0xx_hal_flash.o(i.FLASH_WaitForLastOperation) refers to py32f0xx_hal.o(i.HAL_GetTick) for HAL_GetTick
[...]
    py32f0xx_hal_flash.o(i.HAL_FLASH_Program) refers to py32f0xx_hal_flash.o(.bss) for .bss
    py32f0xx_hal_flash.o(i.HAL_FLASH_Program) refers to py32f0xx_hal_flash.o(.constdata) for .constdata
    py32f0xx_hal_flash.o(i.HAL_FLASH_Program_IT) refers to py32f0xx_hal_flash.o(i.FLASH_WaitForLastOperation) for FLASH_WaitForLastOperation
    py32f0xx_hal_flash.o(i.HAL_FLASH_Program_IT) refers to py32f0xx_hal_flash.o(i.FLASH_Program_Page) for FLASH_Program_Page
    py32f0xx_hal_flash.o(i.HAL_FLASH_Program_IT) refers to py32f0xx_hal_flash.o(.bss) for .bss
    py32f0xx_hal_flash.o(i.HAL_FLASH_Program_IT) refers to py32f0xx_hal_flash.o(.constdata) for .constdata
    py32f0xx_hal_gpio.o(i.HAL_GPIO_EXTI_IRQHandler) refers to py32f0xx_hal_gpio.o(i.HAL_GPIO_EXTI_Callback) for HAL_GPIO_EXTI_Callback
    py32f0xx_hal_pwr.o(i.HAL_PWR_PVD_IRQHandler) refers to py32f0xx_hal_pwr.o(i.HAL_PWR_PVD_Callback) for HAL_PWR_PVD_Callback
    py32f0xx_hal_rcc.o(i.HAL_RCC_ClockConfig) refers to py32f0xx_hal.o(i.HAL_GetTick) for HAL_GetTick
    py32f0xx_hal_rcc.o(i.HAL_RCC_ClockConfig) refers to py32f0xx_hal_rcc.o(i.HAL_RCC_GetSysClockFreq) for HAL_RCC_GetSysClockFreq
    py32f0xx_hal_rcc.o(i.HAL_RCC_ClockConfig) refers to py32f0xx_hal.o(i.HAL_InitTick) for HAL_InitTick
    py32f0xx_hal_rcc.o(i.HAL_RCC_ClockConfig) refers to system_py32f0xx.o(.constdata) for AHBPrescTable
    py32f0xx_hal_rcc.o(i.HAL_RCC_ClockConfig) refers to system_py32f0xx.o(.data) for SystemCoreClock
    py32f0xx_hal_rcc.o(i.HAL_RCC_ClockConfig) refers to py32f0xx_hal.o(.data) for uwTickPrio
    py32f0xx_hal_rcc.o(i.HAL_RCC_DeInit) refers to py32f0xx_hal.o(i.HAL_GetTick) for HAL_GetTick
    py32f0xx_hal_rcc.o(i.HAL_RCC_DeInit) refers to py32f0xx_hal.o(i.HAL_InitTick) for HAL_InitTick
    py32f0xx_hal_rcc.o(i.HAL_RCC_DeInit) refers to system_py32f0xx.o(.data) for SystemCoreClock
    py32f0xx_hal_rcc.o(i.HAL_RCC_DeInit) refers to py32f0xx_hal.o(.data) for uwTickPrio
    py32f0xx_hal_rcc.o(i.HAL_RCC_GetHCLKFreq) refers to system_py32f0xx.o(.data) for SystemCoreClock
    py32f0xx_hal_rcc.o(i.HAL_RCC_GetPCLK1Freq) refers to py32f0xx_hal_rcc.o(i.HAL_RCC_GetHCLKFreq) for HAL_RCC_GetHCLKFreq
    py32f0xx_hal_rcc.o(i.HAL_RCC_GetPCLK1Freq) refers to system_py32f0xx.o(.constdata) for APBPrescTable
    py32f0xx_hal_rcc.o(i.HAL_RCC_GetSysClockFreq) refers to rt_memcpy.o(.emb_text) for __aeabi_memcpy4
    py32f0xx_hal_rcc.o(i.HAL_RCC_GetSysClockFreq) refers to aeabi_sdiv.o(.text) for __aeabi_uidivmod
    py32f0xx_hal_rcc.o(i.HAL_RCC_GetSysClockFreq) refers to py32f0xx_hal_rcc.o(.constdata) for .constdata
    py32f0xx_hal_rcc.o(i.HAL_RCC_MCOConfig) refers to py32f0xx_hal_dma.o(i.__ARM_common_switch8) for __ARM_common_switch8
    py32f0xx_hal_rcc.o(i.HAL_RCC_MCOConfig) refers to py32f0xx_hal_gpio.o(i.HAL_GPIO_Init) for HAL_GPIO_Init
    py32f0xx_hal_rcc.o(i.HAL_RCC_NMI_IRQHandler) refers to py32f0xx_hal_rcc.o(i.HAL_RCC_CSSCallback) for HAL_RCC_CSSCallback
    py32f0xx_hal_rcc.o(i.HAL_RCC_NMI_IRQHandler) refers to py32f0xx_hal_rcc.o(i.HAL_RCC_LSECSSCallback) for HAL_RCC_LSECSSCallback
    py32f0xx_hal_rcc.o(i.HAL_RCC_OscConfig) refers to py32f0xx_hal.o(i.HAL_GetTick) for HAL_GetTick
    py32f0xx_hal_rcc.o(i.HAL_RCC_OscConfig) refers to py32f0xx_hal_rcc.o(i.HAL_RCC_GetSysClockFreq) for HAL_RCC_GetSysClockFreq
    py32f0xx_hal_rcc.o(i.HAL_RCC_OscConfig) refers to py32f0xx_hal.o(i.HAL_InitTick) for HAL_InitTick
    py32f0xx_hal_rcc.o(i.HAL_RCC_OscConfig) refers to py32f0xx_hal_rcc.o(i.RCC_GetHSIFreq) for RCC_GetHSIFreq
    py32f0xx_hal_rcc.o(i.HAL_RCC_OscConfig) refers to system_py32f0xx.o(.constdata) for AHBPrescTable
    py32f0xx_hal_rcc.o(i.HAL_RCC_OscConfig) refers to system_py32f0xx.o(.data) for SystemCoreClock
    py32f0xx_hal_rcc.o(i.HAL_RCC_OscConfig) refers to py32f0xx_hal.o(.data) for uwTickPrio
    py32f0xx_hal_rcc.o(i.RCC_GetHSIFreq) refers to system_py32f0xx.o(.constdata) for HSIFreqTable
    py32f0xx_hal_rcc_ex.o(i.HAL_RCCEx_DisableLSCO) refers to py32f0xx_hal_pwr.o(i.HAL_PWR_EnableBkUpAccess) for HAL_PWR_EnableBkUpAccess
    py32f0xx_hal_rcc_ex.o(i.HAL_RCCEx_DisableLSCO) refers to py32f0xx_hal_pwr.o(i.HAL_PWR_DisableBkUpAccess) for HAL_PWR_DisableBkUpAccess
    py32f0xx_hal_rcc_ex.o(i.HAL_RCCEx_EnableLSCO) refers to py32f0xx_hal_gpio.o(i.HAL_GPIO_Init) for HAL_GPIO_Init
    py32f0xx_hal_rcc_ex.o(i.HAL_RCCEx_EnableLSCO) refers to py32f0xx_hal_pwr.o(i.HAL_PWR_EnableBkUpAccess) for HAL_PWR_EnableBkUpAccess
    py32f0xx_hal_rcc_ex.o(i.HAL_RCCEx_EnableLSCO) refers to py32f0xx_hal_pwr.o(i.HAL_PWR_DisableBkUpAccess) for HAL_PWR_DisableBkUpAccess
    py32f0xx_hal_rcc_ex.o(i.HAL_RCCEx_GetPeriphCLKFreq) refers to py32f0xx_hal_rcc.o(i.HAL_RCC_GetPCLK1Freq) for HAL_RCC_GetPCLK1Freq
    py32f0xx_hal_rcc_ex.o(i.HAL_RCCEx_PeriphCLKConfig) refers to py32f0xx_hal.o(i.HAL_GetTick) for HAL_GetTick
    py32f0xx_hal_uart.o(i.HAL_HalfDuplex_Init) refers to py32f0xx_hal_uart.o(i.HAL_UART_MspInit) for HAL_UART_MspInit
    py32f0xx_hal_uart.o(i.HAL_HalfDuplex_Init) refers to py32f0xx_hal_uart.o(i.UART_SetConfig) for UART_SetConfig
    py32f0xx_hal_uart.o(i.HAL_MultiProcessor_Init) refers to py32f0xx_hal_uart.o(i.HAL_UART_MspInit) for HAL_UART_MspInit
    py32f0xx_hal_uart.o(i.HAL_MultiProcessor_Init) refers to py32f0xx_hal_uart.o(i.UART_SetConfig) for UART_SetConfig
    py32f0xx_hal_uart.o(i.HAL_UART_Abort) refers to py32f0xx_hal_dma.o(i.HAL_DMA_Abort) for HAL_DMA_Abort
    py32f0xx_hal_uart.o(i.HAL_UART_Abort) refers to py32f0xx_hal_dma.o(i.HAL_DMA_GetError) for HAL_DMA_GetError
    py32f0xx_hal_uart.o(i.HAL_UART_AbortReceive) refers to py32f0xx_hal_dma.o(i.HAL_DMA_Abort) for HAL_DMA_Abort
    py32f0xx_hal_uart.o(i.HAL_UART_AbortReceive) refers to py32f0xx_hal_dma.o(i.HAL_DMA_GetError) for HAL_DMA_GetError
    py32f0xx_hal_uart.o(i.HAL_UART_AbortReceive_IT) refers to py32f0xx_hal_dma.o(i.HAL_DMA_Abort_IT) for HAL_DMA_Abort_IT
    py32f0xx_hal_uart.o(i.HAL_UART_AbortReceive_IT) refers to py32f0xx_hal_uart.o(i.HAL_UART_AbortReceiveCpltCallback) for HAL_UART_AbortReceiveCpltCallback
    py32f0xx_hal_uart.o(i.HAL_UART_AbortReceive_IT) refers to py32f0xx_hal_uart.o(i.UART_DMARxOnlyAbortCallback) for UART_DMARxOnlyAbortCallback
    py32f0xx_hal_uart.o(i.HAL_UART_AbortTransmit) refers to py32f0xx_hal_dma.o(i.HAL_DMA_Abort) for HAL_DMA_Abort
    py32f0xx_hal_uart.o(i.HAL_UART_AbortTransmit) refers to py32f0xx_hal_dma.o(i.HAL_DMA_GetError) for HAL_DMA_GetError
    py32f0xx_hal_uart.o(i.HAL_UART_AbortTransmit_IT) refers to py32f0xx_hal_dma.o(i.HAL_DMA_Abort_IT) for HAL_DMA_Abort_IT
    py32f0xx_hal_uart.o(i.HAL_UART_AbortTransmit_IT) refers to py32f0xx_hal_uart.o(i.HAL_UART_AbortTransmitCpltCallback) for HAL_UART_AbortTransmitCpltCallback
    py32f0xx_hal_uart.o(i.HAL_UART_AbortTransmit_IT) refers to py32f0xx_hal_uart.o(i.UART_DMATxOnlyAbortCallback) for UART_DMATxOnlyAbortCallback
    py32f0xx_hal_uart.o(i.HAL_UART_Abort_IT) refers to py32f0xx_hal_dma.o(i.HAL_DMA_Abort_IT) for HAL_DMA_Abort_IT
    py32f0xx_hal_uart.o(i.HAL_UART_Abort_IT) refers to py32f0xx_hal_uart.o(i.HAL_UART_AbortCpltCallback) for HAL_UART_AbortCpltCallback
    py32f0xx_hal_uart.o(i.HAL_UART_Abort_IT) refers to py32f0xx_hal_uart.o(i.UART_DMATxAbortCallback) for UART_DMATxAbortCallback
    py32f0xx_hal_uart.o(i.HAL_UART_Abort_IT) refers to py32f0xx_hal_uart.o(i.UART_DMARxAbortCallback) for UART_DMARxAbortCallback
    py32f0xx_hal_uart.o(i.HAL_UART_DMAStop) refers to py32f0xx_hal_dma.o(i.HAL_DMA_Abort) for HAL_DMA_Abort
    py32f0xx_hal_uart.o(i.HAL_UART_DMAStop) refers to py32f0xx_hal_uart.o(i.UART_EndTxTransfer) for UART_EndTxTransfer
    py32f0xx_hal_uart.o(i.HAL_UART_DMAStop) refers to py32f0xx_hal_uart.o(i.UART_EndRxTransfer) for UART_EndRxTransfer
    py32f0xx_hal_uart.o(i.HAL_UART_DeInit) refers to py32f0xx_hal_uart.o(i.HAL_UART_MspDeInit) for HAL_UART_MspDeInit
    py32f0xx_hal_uart.o(i.HAL_UART_IRQHandler) refers to py32f0xx_hal_uart.o(i.UART_Receive_IT) for UART_Receive_IT
    py32f0xx_hal_uart.o(i.HAL_UART_IRQHandler) refers to py32f0xx_hal_uart.o(i.UART_EndRxTransfer) for UART_EndRxTransfer
    py32f0xx_hal_uart.o(i.HAL_UART_IRQHandler) refers to py32f0xx_hal_dma.o(i.HAL_DMA_Abort_IT) for HAL_DMA_Abort_IT
    py32f0xx_hal_uart.o(i.HAL_UART_IRQHandler) refers to py32f0xx_hal_uart.o(i.HAL_UART_ErrorCallback) for HAL_UART_ErrorCallback
    py32f0xx_hal_uart.o(i.HAL_UART_IRQHandler) refers to py32f0xx_hal_uart.o(i.UART_Transmit_IT) for UART_Transmit_IT
    py32f0xx_hal_uart.o(i.HAL_UART_IRQHandler) refers to py32f0xx_hal_uart.o(i.UART_EndTransmit_IT) for UART_EndTransmit_IT
    py32f0xx_hal_uart.o(i.HAL_UART_IRQHandler) refers to py32f0xx_hal_uart.o(i.UART_DMAAbortOnError) for UART_DMAAbortOnError
    py32f0xx_hal_uart.o(i.HAL_UART_Init) refers to py32f0xx_hal_uart.o(i.HAL_UART_MspInit) for HAL_UART_MspInit
    py32f0xx_hal_uart.o(i.HAL_UART_Init) refers to py32f0xx_hal_uart.o(i.UART_SetConfig) for UART_SetConfig
    py32f0xx_hal_uart.o(i.HAL_UART_Init) refers to py32f0xx_hal_uart.o(i.UART_AdvFeatureConfig) for UART_AdvFeatureConfig
    py32f0xx_hal_uart.o(i.HAL_UART_Receive) refers to py32f0xx_hal.o(i.HAL_GetTick) for HAL_GetTick
    py32f0xx_hal_uart.o(i.HAL_UART_Receive) refers to py32f0xx_hal_uart.o(i.UART_WaitOnFlagUntilTimeout) for UART_WaitOnFlagUntilTimeout
    py32f0xx_hal_uart.o(i.HAL_UART_Receive_DMA) refers to py32f0xx_hal_dma.o(i.HAL_DMA_Start_IT) for HAL_DMA_Start_IT
    py32f0xx_hal_uart.o(i.HAL_UART_Receive_DMA) refers to py32f0xx_hal_uart.o(i.UART_DMAReceiveCplt) for UART_DMAReceiveCplt
    py32f0xx_hal_uart.o(i.HAL_UART_Receive_DMA) refers to py32f0xx_hal_uart.o(i.UART_DMARxHalfCplt) for UART_DMARxHalfCplt
    py32f0xx_hal_uart.o(i.HAL_UART_Receive_DMA) refers to py32f0xx_hal_uart.o(i.UART_DMAError) for UART_DMAError
    py32f0xx_hal_uart.o(i.HAL_UART_Transmit) refers to py32f0xx_hal.o(i.HAL_GetTick) for HAL_GetTick
    py32f0xx_hal_uart.o(i.HAL_UART_Transmit) refers to py32f0xx_hal_uart.o(i.UART_WaitOnFlagUntilTimeout) for UART_WaitOnFlagUntilTimeout
    py32f0xx_hal_uart.o(i.HAL_UART_Transmit_DMA) refers to py32f0xx_hal_dma.o(i.HAL_DMA_Start_IT) for HAL_DMA_Start_IT
    py32f0xx_hal_uart.o(i.HAL_UART_Transmit_DMA) refers to py32f0xx_hal_uart.o(i.UART_DMATransmitCplt) for UART_DMATransmitCplt
    py32f0xx_hal_uart.o(i.HAL_UART_Transmit_DMA) refers to py32f0xx_hal_uart.o(i.UART_DMATxHalfCplt) for UART_DMATxHalfCplt
    py32f0xx_hal_uart.o(i.HAL_UART_Transmit_DMA) refers to py32f0xx_hal_uart.o(i.UART_DMAError) for UART_DMAError
    py32f0xx_hal_uart.o(i.UART_DMAAbortOnError) refers to py32f0xx_hal_uart.o(i.HAL_UART_ErrorCallback) for HAL_UART_ErrorCallback
    py32f0xx_hal_uart.o(i.UART_DMAError) refers to py32f0xx_hal_uart.o(i.UART_EndTxTransfer) for UART_EndTxTransfer
    py32f0xx_hal_uart.o(i.UART_DMAError) refers to py32f0xx_hal_uart.o(i.UART_EndRxTransfer) for UART_EndRxTransfer
    py32f0xx_hal_uart.o(i.UART_DMAError) refers to py32f0xx_hal_uart.o(i.HAL_UART_ErrorCallback) for HAL_UART_ErrorCallback
    py32f0xx_hal_uart.o(i.UART_DMAReceiveCplt) refers to py32f0xx_hal_uart.o(i.HAL_UART_RxCpltCallback) for HAL_UART_RxCpltCallback
    py32f0xx_hal_uart.o(i.UART_DMARxAbortCallback) refers to py32f0xx_hal_uart.o(i.HAL_UART_AbortCpltCallback) for HAL_UART_AbortCpltCallback
    py32f0xx_hal_uart.o(i.UART_DMARxHalfCplt) refers to py32f0xx_hal_uart.o(i.HAL_UART_RxHalfCpltCallback) for HAL_UART_RxHalfCpltCallback
    py32f0xx_hal_uart.o(i.UART_DMARxOnlyAbortCallback) refers to py32f0xx_hal_uart.o(i.HAL_UART_AbortReceiveCpltCallback) for HAL_UART_AbortReceiveCpltCallback
    py32f0xx_hal_uart.o(i.UART_DMATransmitCplt) refers to py32f0xx_hal_uart.o(i.HAL_UART_TxCpltCallback) for HAL_UART_TxCpltCallback
    py32f0xx_hal_uart.o(i.UART_DMATxAbortCallback) refers to py32f0xx_hal_uart.o(i.HAL_UART_AbortCpltCallback) for HAL_UART_AbortCpltCallback
    py32f0xx_hal_uart.o(i.UART_DMATxHalfCplt) refers to py32f0xx_hal_uart.o(i.HAL_UART_TxHalfCpltCallback) for HAL_UART_TxHalfCpltCallback
    py32f0xx_hal_uart.o(i.UART_DMATxOnlyAbortCallback) refers to py32f0xx_hal_uart.o(i.HAL_UART_AbortTransmitCpltCallback) for HAL_UART_AbortTransmitCpltCallback
    py32f0xx_hal_uart.o(i.UART_EndTransmit_IT) refers to py32f0xx_hal_uart.o(i.HAL_UART_TxCpltCallback) for HAL_UART_TxCpltCallback
    py32f0xx_hal_uart.o(i.UART_Receive_IT) refers to py32f0xx_hal_uart.o(i.HAL_UART_RxCpltCallback) for HAL_UART_RxCpltCallback
    py32f0xx_hal_uart.o(i.UART_SetConfig) refers to py32f0xx_hal_rcc.o(i.HAL_RCC_GetPCLK1Freq) for HAL_RCC_GetPCLK1Freq
    py32f0xx_hal_uart.o(i.UART_SetConfig) refers to aeabi_sdiv.o(.text) for __aeabi_uidivmod
    py32f0xx_hal_uart.o(i.UART_WaitOnFlagUntilTimeout) refers to py32f0xx_hal.o(i.HAL_GetTick) for HAL_GetTick
    py32f030xx_start_kit.o(i.BSP_LED_DeInit) refers to py32f0xx_hal_gpio.o(i.HAL_GPIO_WritePin) for HAL_GPIO_WritePin
    py32f030xx_start_kit.o(i.BSP_LED_DeInit) refers to py32f0xx_hal_gpio.o(i.HAL_GPIO_DeInit) for HAL_GPIO_DeInit
    py32f030xx_start_kit.o(i.BSP_LED_DeInit) refers to py32f030xx_start_kit.o(.constdata) for .constdata
    py32f030xx_start_kit.o(i.BSP_LED_DeInit) refers to py32f030xx_start_kit.o(.data) for .data
    py32f030xx_start_kit.o(i.BSP_LED_Init) refers to py32f0xx_hal_gpio.o(i.HAL_GPIO_Init) for HAL_GPIO_Init
    py32f030xx_start_kit.o(i.BSP_LED_Init) refers to py32f0xx_hal_gpio.o(i.HAL_GPIO_WritePin) for HAL_GPIO_WritePin
    py32f030xx_start_kit.o(i.BSP_LED_Init) refers to py32f030xx_start_kit.o(.constdata) for .constdata
    py32f030xx_start_kit.o(i.BSP_LED_Init) refers to py32f030xx_start_kit.o(.data) for .data
    py32f030xx_start_kit.o(i.BSP_LED_Off) refers to py32f0xx_hal_gpio.o(i.HAL_GPIO_WritePin) for HAL_GPIO_WritePin
    py32f030xx_start_kit.o(i.BSP_LED_Off) refers to py32f030xx_start_kit.o(.constdata) for .constdata
    py32f030xx_start_kit.o(i.BSP_LED_Off) refers to py32f030xx_start_kit.o(.data) for .data
    py32f030xx_start_kit.o(i.BSP_LED_On) refers to py32f0xx_hal_gpio.o(i.HAL_GPIO_WritePin) for HAL_GPIO_WritePin
    py32f030xx_start_kit.o(i.BSP_LED_On) refers to py32f030xx_start_kit.o(.constdata) for .constdata
    py32f030xx_start_kit.o(i.BSP_LED_On) refers to py32f030xx_start_kit.o(.data) for .data
    py32f030xx_start_kit.o(i.BSP_LED_Toggle) refers to py32f0xx_hal_gpio.o(i.HAL_GPIO_TogglePin) for HAL_GPIO_TogglePin
    py32f030xx_start_kit.o(i.BSP_LED_Toggle) refers to py32f030xx_start_kit.o(.constdata) for .constdata
    py32f030xx_start_kit.o(i.BSP_LED_Toggle) refers to py32f030xx_start_kit.o(.data) for .data
    py32f030xx_start_kit.o(i.BSP_PB_DeInit) refers to py32f0xx_hal_cortex.o(i.HAL_NVIC_DisableIRQ) for HAL_NVIC_DisableIRQ
    py32f030xx_start_kit.o(i.BSP_PB_DeInit) refers to py32f0xx_hal_gpio.o(i.HAL_GPIO_DeInit) for HAL_GPIO_DeInit
    py32f030xx_start_kit.o(i.BSP_PB_DeInit) refers to py32f030xx_start_kit.o(.constdata) for .constdata
    py32f030xx_start_kit.o(i.BSP_PB_DeInit) refers to py32f030xx_start_kit.o(.data) for .data
    py32f030xx_start_kit.o(i.BSP_PB_GetState) refers to py32f0xx_hal_gpio.o(i.HAL_GPIO_ReadPin) for HAL_GPIO_ReadPin
    py32f030xx_start_kit.o(i.BSP_PB_GetState) refers to py32f030xx_start_kit.o(.constdata) for .constdata
    py32f030xx_start_kit.o(i.BSP_PB_GetState) refers to py32f030xx_start_kit.o(.data) for .data
    py32f030xx_start_kit.o(i.BSP_PB_Init) refers to py32f0xx_hal_gpio.o(i.HAL_GPIO_Init) for HAL_GPIO_Init
    py32f030xx_start_kit.o(i.BSP_PB_Init) refers to py32f0xx_hal_cortex.o(i.HAL_NVIC_SetPriority) for HAL_NVIC_SetPriority
    py32f030xx_start_kit.o(i.BSP_PB_Init) refers to py32f0xx_hal_cortex.o(i.HAL_NVIC_EnableIRQ) for HAL_NVIC_EnableIRQ
    py32f030xx_start_kit.o(i.BSP_PB_Init) refers to py32f030xx_start_kit.o(.constdata) for .constdata
    py32f030xx_start_kit.o(i.BSP_PB_Init) refers to py32f030xx_start_kit.o(.data) for .data
    py32f030xx_start_kit.o(i.BSP_USART_Config) refers to py32f0xx_hal_uart.o(i.HAL_UART_Init) for HAL_UART_Init
    py32f030xx_start_kit.o(i.BSP_USART_Config) refers to py32f0xx_hal_gpio.o(i.HAL_GPIO_Init) for HAL_GPIO_Init
    py32f030xx_start_kit.o(i.BSP_USART_Config) refers to py32f0xx_hal_cortex.o(i.HAL_NVIC_SetPriority) for HAL_NVIC_SetPriority
    py32f030xx_start_kit.o(i.BSP_USART_Config) refers to py32f0xx_hal_cortex.o(i.HAL_NVIC_EnableIRQ) for HAL_NVIC_EnableIRQ
    py32f030xx_start_kit.o(i.BSP_USART_Config) refers to py32f030xx_start_kit.o(.bss) for .bss
    py32f030xx_start_kit.o(i.fgetc) refers to py32f0xx_hal_uart.o(i.HAL_UART_Receive) for HAL_UART_Receive
    py32f030xx_start_kit.o(i.fgetc) refers to py32f030xx_start_kit.o(.bss) for .bss
    py32f030xx_start_kit.o(i.fputc) refers to py32f0xx_hal_uart.o(i.HAL_UART_Transmit) for HAL_UART_Transmit
    py32f030xx_start_kit.o(i.fputc) refers to py32f030xx_start_kit.o(.bss) for .bss
    rt_memcpy.o(.text) refers to rt_memcpy.o(.emb_text) for __aeabi_memcpy4
    __main.o(!!!main) refers to __rtentry.o(.ARM.Collect$$rtentry$$00000000) for __rt_entry
    __rtentry.o(.ARM.Collect$$rtentry$$00000000) refers (Special) to __rtentry2.o(.ARM.Collect$$rtentry$$0000000A) for __rt_entry_li
    __rtentry.o(.ARM.Collect$$rtentry$$00000000) refers (Special) to __rtentry2.o(.ARM.Collect$$rtentry$$0000000D) for __rt_entry_main
    __rtentry.o(.ARM.Collect$$rtentry$$00000000) refers (Special) to __rtentry2.o(.ARM.Collect$$rtentry$$0000000C) for __rt_entry_postli_1
    __rtentry.o(.ARM.Collect$$rtentry$$00000000) refers (Special) to __rtentry2.o(.ARM.Collect$$rtentry$$00000009) for __rt_entry_postsh_1
    __rtentry.o(.ARM.Collect$$rtentry$$00000000) refers (Special) to __rtentry2.o(.ARM.Collect$$rtentry$$00000002) for __rt_entry_presh_1
    __rtentry.o(.ARM.Collect$$rtentry$$00000000) refers (Special) to __rtentry4.o(.ARM.Collect$$rtentry$$00000004) for __rt_entry_sh
    aeabi_idiv0_sigfpe.o(.text) refers to rt_div0.o(.text) for __rt_div0
    __rtentry2.o(.ARM.Collect$$rtentry$$00000008) refers to boardinit2.o(.text) for _platform_post_stackheap_init
    __rtentry2.o(.ARM.Collect$$rtentry$$0000000A) refers to libinit.o(.ARM.Collect$$libinit$$00000000) for __rt_lib_init
    __rtentry2.o(.ARM.Collect$$rtentry$$0000000B) refers to boardinit3.o(.text) for _platform_post_lib_init
    __rtentry2.o(.ARM.Collect$$rtentry$$0000000D) refers to system_py32f0xx.o(i.$Sub$$main) for main
    __rtentry2.o(.ARM.Collect$$rtentry$$0000000D) refers to exit.o(.text) for exit
    __rtentry2.o(.ARM.exidx) refers to __rtentry2.o(.ARM.Collect$$rtentry$$00000001) for .ARM.Collect$$rtentry$$00000001
    __rtentry2.o(.ARM.exidx) refers to __rtentry2.o(.ARM.Collect$$rtentry$$00000008) for .ARM.Collect$$rtentry$$00000008
    __rtentry2.o(.ARM.exidx) refers to __rtentry2.o(.ARM.Collect$$rtentry$$0000000A) for .ARM.Collect$$rtentry$$0000000A
    __rtentry2.o(.ARM.exidx) refers to __rtentry2.o(.ARM.Collect$$rtentry$$0000000B) for .ARM.Collect$$rtentry$$0000000B
    __rtentry2.o(.ARM.exidx) refers to __rtentry2.o(.ARM.Collect$$rtentry$$0000000D) for .ARM.Collect$$rtentry$$0000000D
    __rtentry4.o(.ARM.Collect$$rtentry$$00000004) refers to sys_stackheap_outer.o(.text) for __user_setup_stackheap
    __rtentry4.o(.ARM.exidx) refers to __rtentry4.o(.ARM.Collect$$rtentry$$00000004) for .ARM.Collect$$rtentry$$00000004
    rt_div0.o(.text) refers to defsig_fpe_outer.o(.text) for __rt_SIGFPE
    sys_stackheap_outer.o(.text) refers to libspace.o(.text) for __user_perproc_libspace
    sys_stackheap_outer.o(.text) refers to startup_py32f030xx.o(.text) for __user_initial_stackheap
    sys_stackheap_outer.o(__vectab_stack_and_reset_area) refers to tempstk.o(.text) for __temporary_stack_top
    sys_stackheap_outer.o(__vectab_stack_and_reset_area) refers to __main.o(!!!main) for __main
    exit.o(.text) refers to rtexit.o(.ARM.Collect$$rtexit$$00000000) for __rt_exit
    defsig_fpe_outer.o(.text) refers to defsig_fpe_inner.o(.text) for __rt_SIGFPE_inner
    defsig_fpe_outer.o(.text) refers to defsig_exit.o(.text) for __sig_exit
    defsig_fpe_formal.o(.text) refers to rt_raise.o(.text) for __rt_raise
    libinit.o(.ARM.Collect$$libinit$$00000000) refers (Special) to libinit2.o(.ARM.Collect$$libinit$$0000002E) for __rt_lib_init_alloca_1
    libinit.o(.ARM.Collect$$libinit$$00000000) refers (Special) to libinit2.o(.ARM.Collect$$libinit$$0000002C) for __rt_lib_init_argv_1
    libinit.o(.ARM.Collect$$libinit$$00000000) refers (Special) to libinit2.o(.ARM.Collect$$libinit$$0000001B) for __rt_lib_init_atexit_1
    libinit.o(.ARM.Collect$$libinit$$00000000) refers (Special) to libinit2.o(.ARM.Collect$$libinit$$00000021) for __rt_lib_init_clock_1
    libinit.o(.ARM.Collect$$libinit$$00000000) refers (Special) to libinit2.o(.ARM.Collect$$libinit$$00000032) for __rt_lib_init_cpp_1
    libinit.o(.ARM.Collect$$libinit$$00000000) refers (Special) to libinit2.o(.ARM.Collect$$libinit$$00000030) for __rt_lib_init_exceptions_1
    libinit.o(.ARM.Collect$$libinit$$00000000) refers (Special) to libinit2.o(.ARM.Collect$$libinit$$00000002) for __rt_lib_init_fp_1
    libinit.o(.ARM.Collect$$libinit$$00000000) refers (Special) to libinit2.o(.ARM.Collect$$libinit$$0000001F) for __rt_lib_init_fp_trap_1
    libinit.o(.ARM.Collect$$libinit$$00000000) refers (Special) to libinit2.o(.ARM.Collect$$libinit$$00000023) for __rt_lib_init_getenv_1
    libinit.o(.ARM.Collect$$libinit$$00000000) refers (Special) to libinit2.o(.ARM.Collect$$libinit$$0000000A) for __rt_lib_init_heap_1
    libinit.o(.ARM.Collect$$libinit$$00000000) refers (Special) to libinit2.o(.ARM.Collect$$libinit$$00000011) for __rt_lib_init_lc_collate_1
    libinit.o(.ARM.Collect$$libinit$$00000000) refers (Special) to libinit2.o(.ARM.Collect$$libinit$$00000013) for __rt_lib_init_lc_ctype_1
    libinit.o(.ARM.Collect$$libinit$$00000000) refers (Special) to libinit2.o(.ARM.Collect$$libinit$$00000015) for __rt_lib_init_lc_monetary_1
    libinit.o(.ARM.Collect$$libinit$$00000000) refers (Special) to libinit2.o(.ARM.Collect$$libinit$$00000017) for __rt_lib_init_lc_numeric_1
    libinit.o(.ARM.Collect$$libinit$$00000000) refers (Special) to libinit2.o(.ARM.Collect$$libinit$$00000019) for __rt_lib_init_lc_time_1
    libinit.o(.ARM.Collect$$libinit$$00000000) refers (Special) to libinit2.o(.ARM.Collect$$libinit$$00000004) for __rt_lib_init_preinit_1
    libinit.o(.ARM.Collect$$libinit$$00000000) refers (Special) to libinit2.o(.ARM.Collect$$libinit$$0000000E) for __rt_lib_init_rand_1
    libinit.o(.ARM.Collect$$libinit$$00000000) refers (Special) to libinit2.o(.ARM.Collect$$libinit$$00000033) for __rt_lib_init_return
    libinit.o(.ARM.Collect$$libinit$$00000000) refers (Special) to libinit2.o(.ARM.Collect$$libinit$$0000001D) for __rt_lib_init_signal_1
    libinit.o(.ARM.Collect$$libinit$$00000000) refers (Special) to libinit2.o(.ARM.Collect$$libinit$$00000025) for __rt_lib_init_stdio_1
    libinit.o(.ARM.Collect$$libinit$$00000000) refers (Special) to libinit2.o(.ARM.Collect$$libinit$$0000000C) for __rt_lib_init_user_alloc_1
    libspace.o(.text) refers to libspace.o(.bss) for __libspace_start
    rtexit.o(.ARM.Collect$$rtexit$$00000000) refers (Special) to rtexit2.o(.ARM.Collect$$rtexit$$00000004) for __rt_exit_exit
    rtexit.o(.ARM.Collect$$rtexit$$00000000) refers (Special) to rtexit2.o(.ARM.Collect$$rtexit$$00000003) for __rt_exit_ls
    rtexit.o(.ARM.Collect$$rtexit$$00000000) refers (Special) to rtexit2.o(.ARM.Collect$$rtexit$$00000002) for __rt_exit_prels_1
    rtexit.o(.ARM.exidx) refers (Special) to rtexit2.o(.ARM.Collect$$rtexit$$00000004) for __rt_exit_exit
    rtexit.o(.ARM.exidx) refers (Special) to rtexit2.o(.ARM.Collect$$rtexit$$00000003) for __rt_exit_ls
    rtexit.o(.ARM.exidx) refers (Special) to rtexit2.o(.ARM.Collect$$rtexit$$00000002) for __rt_exit_prels_1
    rtexit.o(.ARM.exidx) refers to rtexit.o(.ARM.Collect$$rtexit$$00000000) for .ARM.Collect$$rtexit$$00000000
    rt_raise.o(.text) refers to __raise.o(.text) for __raise
    rt_raise.o(.text) refers to sys_exit.o(.text) for _sys_exit
    defsig_exit.o(.text) refers to sys_exit.o(.text) for _sys_exit
    defsig_fpe_inner.o(.text) refers to defsig_general.o(.text) for __default_signal_display
    libinit2.o(.ARM.Collect$$libinit$$00000010) refers to libinit2.o(.ARM.Collect$$libinit$$0000000F) for .ARM.Collect$$libinit$$0000000F
    libinit2.o(.ARM.Collect$$libinit$$00000012) refers to libinit2.o(.ARM.Collect$$libinit$$0000000F) for .ARM.Collect$$libinit$$0000000F
    libinit2.o(.ARM.Collect$$libinit$$00000014) refers to libinit2.o(.ARM.Collect$$libinit$$0000000F) for .ARM.Collect$$libinit$$0000000F
    libinit2.o(.ARM.Collect$$libinit$$00000016) refers to libinit2.o(.ARM.Collect$$libinit$$0000000F) for .ARM.Collect$$libinit$$0000000F
    libinit2.o(.ARM.Collect$$libinit$$00000018) refers to libinit2.o(.ARM.Collect$$libinit$$0000000F) for .ARM.Collect$$libinit$$0000000F
    libinit2.o(.ARM.Collect$$libinit$$00000026) refers to argv_veneer.o(.text) for __ARM_argv_veneer
    libinit2.o(.ARM.Collect$$libinit$$00000027) refers to argv_veneer.o(.text) for __ARM_argv_veneer
    sys_exit.o(.text) refers (Special) to use_no_semi.o(.text) for __I$use$semihosting
    sys_exit.o(.text) refers (Special) to indicate_semi.o(.text) for __semihosting_library_function
    rtexit2.o(.ARM.Collect$$rtexit$$00000003) refers to libshutdown.o(.ARM.Collect$$libshutdown$$00000000) for __rt_lib_shutdown
    rtexit2.o(.ARM.Collect$$rtexit$$00000004) refers to sys_exit.o(.text) for _sys_exit
    rtexit2.o(.ARM.exidx) refers to rtexit2.o(.ARM.Collect$$rtexit$$00000001) for .ARM.Collect$$rtexit$$00000001
    rtexit2.o(.ARM.exidx) refers to rtexit2.o(.ARM.Collect$$rtexit$$00000003) for .ARM.Collect$$rtexit$$00000003
    rtexit2.o(.ARM.exidx) refers to rtexit2.o(.ARM.Collect$$rtexit$$00000004) for .ARM.Collect$$rtexit$$00000004
    __raise.o(.text) refers to defsig.o(CL$$defsig) for __default_signal_handler
    defsig_general.o(.text) refers to sys_wrch.o(.text) for _ttywrch
    sys_wrch.o(.text) refers (Special) to use_no_semi.o(.text) for __I$use$semihosting
    sys_wrch.o(.text) refers (Special) to indicate_semi.o(.text) for __semihosting_library_function
    defsig.o(CL$$defsig) refers to defsig_fpe_inner.o(.text) for __rt_SIGFPE_inner
    defsig.o(CL$$defsig) refers to defsig_rtmem_inner.o(.text) for __rt_SIGRTMEM_inner
    _get_argv_nomalloc.o(.text) refers (Special) to hrguard.o(.text) for __heap_region$guard
    _get_argv_nomalloc.o(.text) refers to defsig_rtmem_outer.o(.text) for __rt_SIGRTMEM
    _get_argv_nomalloc.o(.text) refers to sys_command.o(.text) for _sys_command_string
    libshutdown.o(.ARM.Collect$$libshutdown$$00000000) refers (Special) to libshutdown2.o(.ARM.Collect$$libshutdown$$00000004) for __rt_lib_shutdown_cpp_1
    libshutdown.o(.ARM.Collect$$libshutdown$$00000000) refers (Special) to libshutdown2.o(.ARM.Collect$$libshutdown$$00000002) for __rt_lib_shutdown_fini_1
    libshutdown.o(.ARM.Collect$$libshutdown$$00000000) refers (Special) to libshutdown2.o(.ARM.Collect$$libshutdown$$00000009) for __rt_lib_shutdown_fp_trap_1
    libshutdown.o(.ARM.Collect$$libshutdown$$00000000) refers (Special) to libshutdown2.o(.ARM.Collect$$libshutdown$$00000011) for __rt_lib_shutdown_heap_1
    libshutdown.o(.ARM.Collect$$libshutdown$$00000000) refers (Special) to libshutdown2.o(.ARM.Collect$$libshutdown$$00000012) for __rt_lib_shutdown_return
    libshutdown.o(.ARM.Collect$$libshutdown$$00000000) refers (Special) to libshutdown2.o(.ARM.Collect$$libshutdown$$0000000C) for __rt_lib_shutdown_signal_1
    libshutdown.o(.ARM.Collect$$libshutdown$$00000000) refers (Special) to libshutdown2.o(.ARM.Collect$$libshutdown$$00000006) for __rt_lib_shutdown_stdio_1
    libshutdown.o(.ARM.Collect$$libshutdown$$00000000) refers (Special) to libshutdown2.o(.ARM.Collect$$libshutdown$$0000000E) for __rt_lib_shutdown_user_alloc_1
    sys_command.o(.text) refers (Special) to use_no_semi.o(.text) for __I$use$semihosting
    sys_command.o(.text) refers (Special) to indicate_semi.o(.text) for __semihosting_library_function
    defsig_abrt_inner.o(.text) refers to defsig_general.o(.text) for __default_signal_display
    defsig_rtred_inner.o(.text) refers to defsig_general.o(.text) for __default_signal_display
    defsig_rtmem_inner.o(.text) refers to defsig_general.o(.text) for __default_signal_display
    defsig_rtmem_outer.o(.text) refers to defsig_rtmem_inner.o(.text) for __rt_SIGRTMEM_inner
    defsig_rtmem_outer.o(.text) refers to defsig_exit.o(.text) for __sig_exit
    defsig_rtmem_formal.o(.text) refers to rt_raise.o(.text) for __rt_raise
    defsig_stak_inner.o(.text) refers to defsig_general.o(.text) for __default_signal_display
    defsig_pvfn_inner.o(.text) refers to defsig_general.o(.text) for __default_signal_display
    defsig_cppl_inner.o(.text) refers to defsig_general.o(.text) for __default_signal_display
    defsig_segv_inner.o(.text) refers to defsig_general.o(.text) for __default_signal_display
    defsig_other.o(.text) refers to defsig_general.o(.text) for __default_signal_display


==============================================================================

Removing Unused input sections from the image.

    Removing system_py32f0xx.o(.rev16_text), (4 bytes).
    Removing system_py32f0xx.o(.revsh_text), (4 bytes).
    Removing system_py32f0xx.o(i.SystemCoreClockUpdate), (144 bytes).
    Removing system_py32f0xx.o(.constdata), (96 bytes).
    Removing system_py32f0xx.o(.constdata), (32 bytes).
    Removing system_py32f0xx.o(.data), (4 bytes).
    Removing py32f0xx_hal_msp.o(.rev16_text), (4 bytes).
    Removing py32f0xx_hal_msp.o(.revsh_text), (4 bytes).
    Removing py32f0xx_hal_msp.o(i.HAL_MspInit), (2 bytes).
    Removing py32f0xx_it.o(.rev16_text), (4 bytes).
    Removing py32f0xx_it.o(.revsh_text), (4 bytes).
    Removing main.o(.rev16_text), (4 bytes).
    Removing main.o(.revsh_text), (4 bytes).
    Removing py32f0xx_hal.o(.rev16_text), (4 bytes).
    Removing py32f0xx_hal.o(.revsh_text), (4 bytes).
    Removing py32f0xx_hal.o(i.HAL_DBGMCU_DisableDBGMCUStopMode), (16 bytes).
    Removing py32f0xx_hal.o(i.HAL_DBGMCU_EnableDBGMCUStopMode), (16 bytes).
    Removing py32f0xx_hal.o(i.HAL_DeInit), (40 bytes).
    Removing py32f0xx_hal.o(i.HAL_Delay), (36 bytes).
    Removing py32f0xx_hal.o(i.HAL_GetDEVID), (16 bytes).
    Removing py32f0xx_hal.o(i.HAL_GetHalVersion), (8 bytes).
    Removing py32f0xx_hal.o(i.HAL_GetREVID), (12 bytes).
    Removing py32f0xx_hal.o(i.HAL_GetTick), (12 bytes).
    Removing py32f0xx_hal.o(i.HAL_GetTickFreq), (12 bytes).
    Removing py32f0xx_hal.o(i.HAL_GetTickPrio), (12 bytes).
    Removing py32f0xx_hal.o(i.HAL_GetUIDw0), (12 bytes).
    Removing py32f0xx_hal.o(i.HAL_GetUIDw1), (12 bytes).
    Removing py32f0xx_hal.o(i.HAL_GetUIDw2), (12 bytes).
    Removing py32f0xx_hal.o(i.HAL_Init), (26 bytes).
    Removing py32f0xx_hal.o(i.HAL_InitTick), (80 bytes).
    Removing py32f0xx_hal.o(i.HAL_MspDeInit), (2 bytes).
    Removing py32f0xx_hal.o(i.HAL_MspInit), (2 bytes).
    Removing py32f0xx_hal.o(i.HAL_ResumeTick), (16 bytes).
    Removing py32f0xx_hal.o(i.HAL_SYSCFG_DMA_Req), (16 bytes).
    Removing py32f0xx_hal.o(i.HAL_SetTickFreq), (32 bytes).
    Removing py32f0xx_hal.o(i.HAL_SuspendTick), (16 bytes).
    Removing py32f0xx_hal_adc.o(.rev16_text), (4 bytes).
    Removing py32f0xx_hal_adc.o(.revsh_text), (4 bytes).
    Removing py32f0xx_hal_adc_ex.o(.rev16_text), (4 bytes).
    Removing py32f0xx_hal_adc_ex.o(.revsh_text), (4 bytes).
    Removing py32f0xx_hal_comp.o(.rev16_text), (4 bytes).
    Removing py32f0xx_hal_comp.o(.revsh_text), (4 bytes).
    Removing py32f0xx_hal_cortex.o(.rev16_text), (4 bytes).
    Removing py32f0xx_hal_cortex.o(.revsh_text), (4 bytes).
    Removing py32f0xx_hal_cortex.o(i.HAL_NVIC_ClearPendingIRQ), (20 bytes).
    Removing py32f0xx_hal_cortex.o(i.HAL_NVIC_DisableIRQ), (20 bytes).
    Removing py32f0xx_hal_cortex.o(i.HAL_NVIC_EnableIRQ), (20 bytes).
    Removing py32f0xx_hal_cortex.o(i.HAL_NVIC_GetPendingIRQ), (28 bytes).
    Removing py32f0xx_hal_cortex.o(i.HAL_NVIC_GetPriority), (60 bytes).
    Removing py32f0xx_hal_cortex.o(i.HAL_NVIC_SetPendingIRQ), (20 bytes).
    Removing py32f0xx_hal_cortex.o(i.HAL_NVIC_SetPriority), (8 bytes).
    Removing py32f0xx_hal_cortex.o(i.HAL_NVIC_SystemReset), (28 bytes).
    Removing py32f0xx_hal_cortex.o(i.HAL_SYSTICK_CLKSourceConfig), (28 bytes).
    Removing py32f0xx_hal_cortex.o(i.HAL_SYSTICK_Callback), (2 bytes).
    Removing py32f0xx_hal_cortex.o(i.HAL_SYSTICK_Config), (48 bytes).
    Removing py32f0xx_hal_cortex.o(i.HAL_SYSTICK_IRQHandler), (8 bytes).
    Removing py32f0xx_hal_cortex.o(i.NVIC_SetPriority), (68 bytes).
    Removing py32f0xx_hal_crc.o(.rev16_text), (4 bytes).
    Removing py32f0xx_hal_crc.o(.revsh_text), (4 bytes).
    Removing py32f0xx_hal_dma.o(.rev16_text), (4 bytes).
    Removing py32f0xx_hal_dma.o(.revsh_text), (4 bytes).
    Removing py32f0xx_hal_dma.o(i.DMA_SetConfig), (42 bytes).
    Removing py32f0xx_hal_dma.o(i.HAL_DMA_Abort), (64 bytes).
    Removing py32f0xx_hal_dma.o(i.HAL_DMA_Abort_IT), (100 bytes).
    Removing py32f0xx_hal_dma.o(i.HAL_DMA_ChannelMap), (68 bytes).
    Removing py32f0xx_hal_dma.o(i.HAL_DMA_DeInit), (96 bytes).
    Removing py32f0xx_hal_dma.o(i.HAL_DMA_GetError), (4 bytes).
    Removing py32f0xx_hal_dma.o(i.HAL_DMA_GetState), (6 bytes).
    Removing py32f0xx_hal_dma.o(i.HAL_DMA_IRQHandler), (224 bytes).
    Removing py32f0xx_hal_dma.o(i.HAL_DMA_Init), (104 bytes).
    Removing py32f0xx_hal_dma.o(i.HAL_DMA_PollForTransfer), (320 bytes).
    Removing py32f0xx_hal_dma.o(i.HAL_DMA_RegisterCallback), (74 bytes).
    Removing py32f0xx_hal_dma.o(i.HAL_DMA_Start), (76 bytes).
    Removing py32f0xx_hal_dma.o(i.HAL_DMA_Start_IT), (114 bytes).
    Removing py32f0xx_hal_dma.o(i.HAL_DMA_UnRegisterCallback), (82 bytes).
    Removing py32f0xx_hal_exti.o(.rev16_text), (4 bytes).
    Removing py32f0xx_hal_exti.o(.revsh_text), (4 bytes).
    Removing py32f0xx_hal_flash.o(.rev16_text), (4 bytes).
    Removing py32f0xx_hal_flash.o(.revsh_text), (4 bytes).
    Removing py32f0xx_hal_flash.o(i.FLASH_MassErase), (36 bytes).
    Removing py32f0xx_hal_flash.o(i.FLASH_OB_GetRDP), (16 bytes).
    Removing py32f0xx_hal_flash.o(i.FLASH_OB_GetUser), (16 bytes).
    Removing py32f0xx_hal_flash.o(i.FLASH_OB_OptrConfig), (24 bytes).
    Removing py32f0xx_hal_flash.o(i.FLASH_PageErase), (32 bytes).
    Removing py32f0xx_hal_flash.o(i.FLASH_Program_Page), (60 bytes).
    Removing py32f0xx_hal_flash.o(i.FLASH_SectorErase), (20 bytes).
    Removing py32f0xx_hal_flash.o(i.FLASH_WaitForLastOperation), (52 bytes).
    Removing py32f0xx_hal_flash.o(i.HAL_FLASH_EndOfOperationCallback), (2 bytes).
    Removing py32f0xx_hal_flash.o(i.HAL_FLASH_Erase), (424 bytes).
    Removing py32f0xx_hal_flash.o(i.HAL_FLASH_Erase_IT), (308 bytes).
    Removing py32f0xx_hal_flash.o(i.HAL_FLASH_GetError), (12 bytes).
    Removing py32f0xx_hal_flash.o(i.HAL_FLASH_IRQHandler), (180 bytes).
    Removing py32f0xx_hal_flash.o(i.HAL_FLASH_Lock), (28 bytes).
    Removing py32f0xx_hal_flash.o(i.HAL_FLASH_OBGetConfig), (68 bytes).
    Removing py32f0xx_hal_flash.o(i.HAL_FLASH_OBProgram), (344 bytes).
    Removing py32f0xx_hal_flash.o(i.HAL_FLASH_OB_Launch), (20 bytes).
    Removing py32f0xx_hal_flash.o(i.HAL_FLASH_OB_Lock), (28 bytes).
    Removing py32f0xx_hal_flash.o(i.HAL_FLASH_OB_RDP_LevelConfig), (92 bytes).
    Removing py32f0xx_hal_flash.o(i.HAL_FLASH_OB_Unlock), (40 bytes).
    Removing py32f0xx_hal_flash.o(i.HAL_FLASH_OperationErrorCallback), (2 bytes).
    Removing py32f0xx_hal_flash.o(i.HAL_FLASH_PageProgram), (14 bytes).
    Removing py32f0xx_hal_flash.o(i.HAL_FLASH_PageProgram_IT), (14 bytes).
    Removing py32f0xx_hal_flash.o(i.HAL_FLASH_Program), (268 bytes).
    Removing py32f0xx_hal_flash.o(i.HAL_FLASH_Program_IT), (264 bytes).
    Removing py32f0xx_hal_flash.o(i.HAL_FLASH_Unlock), (40 bytes).
    Removing py32f0xx_hal_flash.o(.bss), (24 bytes).
    Removing py32f0xx_hal_flash.o(.constdata), (32 bytes).
    Removing py32f0xx_hal_gpio.o(.rev16_text), (4 bytes).
    Removing py32f0xx_hal_gpio.o(.revsh_text), (4 bytes).
    Removing py32f0xx_hal_gpio.o(i.HAL_GPIO_DeInit), (176 bytes).
    Removing py32f0xx_hal_gpio.o(i.HAL_GPIO_EXTI_Callback), (2 bytes).
    Removing py32f0xx_hal_gpio.o(i.HAL_GPIO_EXTI_IRQHandler), (24 bytes).
    Removing py32f0xx_hal_gpio.o(i.HAL_GPIO_Init), (276 bytes).
    Removing py32f0xx_hal_gpio.o(i.HAL_GPIO_LockPin), (40 bytes).
    Removing py32f0xx_hal_gpio.o(i.HAL_GPIO_ReadPin), (14 bytes).
    Removing py32f0xx_hal_gpio.o(i.HAL_GPIO_TogglePin), (14 bytes).
    Removing py32f0xx_hal_gpio.o(i.HAL_GPIO_WritePin), (12 bytes).
    Removing py32f0xx_hal_i2c.o(.rev16_text), (4 bytes).
    Removing py32f0xx_hal_i2c.o(.revsh_text), (4 bytes).
    Removing py32f0xx_hal_irda.o(.rev16_text), (4 bytes).
    Removing py32f0xx_hal_irda.o(.revsh_text), (4 bytes).
    Removing py32f0xx_hal_iwdg.o(.rev16_text), (4 bytes).
    Removing py32f0xx_hal_iwdg.o(.revsh_text), (4 bytes).
    Removing py32f0xx_hal_led.o(.rev16_text), (4 bytes).
    Removing py32f0xx_hal_led.o(.revsh_text), (4 bytes).
    Removing py32f0xx_hal_lptim.o(.rev16_text), (4 bytes).
    Removing py32f0xx_hal_lptim.o(.revsh_text), (4 bytes).
    Removing py32f0xx_hal_pwr.o(.rev16_text), (4 bytes).
    Removing py32f0xx_hal_pwr.o(.revsh_text), (4 bytes).
    Removing py32f0xx_hal_pwr.o(i.HAL_PWR_ConfigBIAS), (44 bytes).
    Removing py32f0xx_hal_pwr.o(i.HAL_PWR_ConfigPVD), (124 bytes).
    Removing py32f0xx_hal_pwr.o(i.HAL_PWR_ConfigStopMode), (40 bytes).
    Removing py32f0xx_hal_pwr.o(i.HAL_PWR_DeInit), (24 bytes).
    Removing py32f0xx_hal_pwr.o(i.HAL_PWR_DisableBkUpAccess), (16 bytes).
    Removing py32f0xx_hal_pwr.o(i.HAL_PWR_DisablePVD), (16 bytes).
    Removing py32f0xx_hal_pwr.o(i.HAL_PWR_DisableSEVOnPend), (16 bytes).
    Removing py32f0xx_hal_pwr.o(i.HAL_PWR_DisableSleepOnExit), (16 bytes).
    Removing py32f0xx_hal_pwr.o(i.HAL_PWR_EnableBkUpAccess), (16 bytes).
    Removing py32f0xx_hal_pwr.o(i.HAL_PWR_EnablePVD), (16 bytes).
    Removing py32f0xx_hal_pwr.o(i.HAL_PWR_EnableSEVOnPend), (16 bytes).
    Removing py32f0xx_hal_pwr.o(i.HAL_PWR_EnableSleepOnExit), (16 bytes).
    Removing py32f0xx_hal_pwr.o(i.HAL_PWR_EnterSLEEPMode), (32 bytes).
    Removing py32f0xx_hal_pwr.o(i.HAL_PWR_EnterSTOPMode), (64 bytes).
    Removing py32f0xx_hal_pwr.o(i.HAL_PWR_PVD_Callback), (2 bytes).
    Removing py32f0xx_hal_pwr.o(i.HAL_PWR_PVD_IRQHandler), (28 bytes).
    Removing py32f0xx_hal_rcc.o(.rev16_text), (4 bytes).
    Removing py32f0xx_hal_rcc.o(.revsh_text), (4 bytes).
    Removing py32f0xx_hal_rcc.o(i.HAL_RCC_CSSCallback), (2 bytes).
    Removing py32f0xx_hal_rcc.o(i.HAL_RCC_ClockConfig), (372 bytes).
    Removing py32f0xx_hal_rcc.o(i.HAL_RCC_DeInit), (172 bytes).
    Removing py32f0xx_hal_rcc.o(i.HAL_RCC_DisableLSECSS), (16 bytes).
    Removing py32f0xx_hal_rcc.o(i.HAL_RCC_EnableCSS), (20 bytes).
    Removing py32f0xx_hal_rcc.o(i.HAL_RCC_EnableLSECSS), (16 bytes).
    Removing py32f0xx_hal_rcc.o(i.HAL_RCC_GetClockConfig), (56 bytes).
    Removing py32f0xx_hal_rcc.o(i.HAL_RCC_GetHCLKFreq), (12 bytes).
    Removing py32f0xx_hal_rcc.o(i.HAL_RCC_GetOscConfig), (164 bytes).
    Removing py32f0xx_hal_rcc.o(i.HAL_RCC_GetPCLK1Freq), (36 bytes).
    Removing py32f0xx_hal_rcc.o(i.HAL_RCC_GetSysClockFreq), (172 bytes).
    Removing py32f0xx_hal_rcc.o(i.HAL_RCC_LSECSSCallback), (2 bytes).
    Removing py32f0xx_hal_rcc.o(i.HAL_RCC_MCOConfig), (280 bytes).
    Removing py32f0xx_hal_rcc.o(i.HAL_RCC_NMI_IRQHandler), (36 bytes).
    Removing py32f0xx_hal_rcc.o(i.HAL_RCC_OscConfig), (1098 bytes).
    Removing py32f0xx_hal_rcc.o(i.RCC_GetHSIFreq), (24 bytes).
    Removing py32f0xx_hal_rcc.o(.constdata), (20 bytes).
    Removing py32f0xx_hal_rcc_ex.o(.rev16_text), (4 bytes).
    Removing py32f0xx_hal_rcc_ex.o(.revsh_text), (4 bytes).
    Removing py32f0xx_hal_rcc_ex.o(i.HAL_RCCEx_DisableLSCO), (92 bytes).
    Removing py32f0xx_hal_rcc_ex.o(i.HAL_RCCEx_EnableLSCO), (152 bytes).
    Removing py32f0xx_hal_rcc_ex.o(i.HAL_RCCEx_GetPeriphCLKConfig), (60 bytes).
    Removing py32f0xx_hal_rcc_ex.o(i.HAL_RCCEx_GetPeriphCLKFreq), (356 bytes).
    Removing py32f0xx_hal_rcc_ex.o(i.HAL_RCCEx_PeriphCLKConfig), (292 bytes).
    Removing py32f0xx_hal_rtc.o(.rev16_text), (4 bytes).
    Removing py32f0xx_hal_rtc.o(.revsh_text), (4 bytes).
    Removing py32f0xx_hal_rtc_ex.o(.rev16_text), (4 bytes).
    Removing py32f0xx_hal_rtc_ex.o(.revsh_text), (4 bytes).
    Removing py32f0xx_hal_spi.o(.rev16_text), (4 bytes).
    Removing py32f0xx_hal_spi.o(.revsh_text), (4 bytes).
    Removing py32f0xx_hal_tim.o(.rev16_text), (4 bytes).
    Removing py32f0xx_hal_tim.o(.revsh_text), (4 bytes).
    Removing py32f0xx_hal_tim_ex.o(.rev16_text), (4 bytes).
    Removing py32f0xx_hal_tim_ex.o(.revsh_text), (4 bytes).
    Removing py32f0xx_hal_uart.o(.rev16_text), (4 bytes).
    Removing py32f0xx_hal_uart.o(.revsh_text), (4 bytes).
    Removing py32f0xx_hal_uart.o(i.HAL_HalfDuplex_EnableReceiver), (46 bytes).
    Removing py32f0xx_hal_uart.o(i.HAL_HalfDuplex_EnableTransmitter), (46 bytes).
    Removing py32f0xx_hal_uart.o(i.HAL_HalfDuplex_Init), (96 bytes).
    Removing py32f0xx_hal_uart.o(i.HAL_MultiProcessor_EnterMuteMode), (42 bytes).
    Removing py32f0xx_hal_uart.o(i.HAL_MultiProcessor_ExitMuteMode), (42 bytes).
    Removing py32f0xx_hal_uart.o(i.HAL_MultiProcessor_Init), (134 bytes).
    Removing py32f0xx_hal_uart.o(i.HAL_UART_Abort), (150 bytes).
    Removing py32f0xx_hal_uart.o(i.HAL_UART_AbortCpltCallback), (2 bytes).
    Removing py32f0xx_hal_uart.o(i.HAL_UART_AbortReceive), (94 bytes).
    Removing py32f0xx_hal_uart.o(i.HAL_UART_AbortReceiveCpltCallback), (2 bytes).
    Removing py32f0xx_hal_uart.o(i.HAL_UART_AbortReceive_IT), (112 bytes).
    Removing py32f0xx_hal_uart.o(i.HAL_UART_AbortTransmit), (82 bytes).
    Removing py32f0xx_hal_uart.o(i.HAL_UART_AbortTransmitCpltCallback), (2 bytes).
    Removing py32f0xx_hal_uart.o(i.HAL_UART_AbortTransmit_IT), (100 bytes).
    Removing py32f0xx_hal_uart.o(i.HAL_UART_Abort_IT), (188 bytes).
    Removing py32f0xx_hal_uart.o(i.HAL_UART_DMAPause), (102 bytes).
    Removing py32f0xx_hal_uart.o(i.HAL_UART_DMAResume), (88 bytes).
    Removing py32f0xx_hal_uart.o(i.HAL_UART_DMAStop), (98 bytes).
    Removing py32f0xx_hal_uart.o(i.HAL_UART_DeInit), (50 bytes).
    Removing py32f0xx_hal_uart.o(i.HAL_UART_ErrorCallback), (2 bytes).
    Removing py32f0xx_hal_uart.o(i.HAL_UART_GetError), (4 bytes).
    Removing py32f0xx_hal_uart.o(i.HAL_UART_GetState), (14 bytes).
    Removing py32f0xx_hal_uart.o(i.HAL_UART_IRQHandler), (272 bytes).
    Removing py32f0xx_hal_uart.o(i.HAL_UART_Init), (110 bytes).
    Removing py32f0xx_hal_uart.o(i.HAL_UART_MspDeInit), (2 bytes).
    Removing py32f0xx_hal_uart.o(i.HAL_UART_MspInit), (2 bytes).
    Removing py32f0xx_hal_uart.o(i.HAL_UART_Receive), (194 bytes).
    Removing py32f0xx_hal_uart.o(i.HAL_UART_Receive_DMA), (172 bytes).
    Removing py32f0xx_hal_uart.o(i.HAL_UART_Receive_IT), (88 bytes).
    Removing py32f0xx_hal_uart.o(i.HAL_UART_RxCpltCallback), (2 bytes).
    Removing py32f0xx_hal_uart.o(i.HAL_UART_RxHalfCpltCallback), (2 bytes).
    Removing py32f0xx_hal_uart.o(i.HAL_UART_SendBreak), (40 bytes).
    Removing py32f0xx_hal_uart.o(i.HAL_UART_Transmit), (218 bytes).
    Removing py32f0xx_hal_uart.o(i.HAL_UART_Transmit_DMA), (132 bytes).
    Removing py32f0xx_hal_uart.o(i.HAL_UART_Transmit_IT), (68 bytes).
    Removing py32f0xx_hal_uart.o(i.HAL_UART_TxCpltCallback), (2 bytes).
    Removing py32f0xx_hal_uart.o(i.HAL_UART_TxHalfCpltCallback), (2 bytes).
    Removing py32f0xx_hal_uart.o(i.UART_AdvFeatureConfig), (48 bytes).
    Removing py32f0xx_hal_uart.o(i.UART_DMAAbortOnError), (16 bytes).
    Removing py32f0xx_hal_uart.o(i.UART_DMAError), (80 bytes).
    Removing py32f0xx_hal_uart.o(i.UART_DMAReceiveCplt), (62 bytes).
    Removing py32f0xx_hal_uart.o(i.UART_DMARxAbortCallback), (44 bytes).
    Removing py32f0xx_hal_uart.o(i.UART_DMARxHalfCplt), (10 bytes).
    Removing py32f0xx_hal_uart.o(i.UART_DMARxOnlyAbortCallback), (20 bytes).
    Removing py32f0xx_hal_uart.o(i.UART_DMATransmitCplt), (46 bytes).
    Removing py32f0xx_hal_uart.o(i.UART_DMATxAbortCallback), (44 bytes).
    Removing py32f0xx_hal_uart.o(i.UART_DMATxHalfCplt), (10 bytes).
    Removing py32f0xx_hal_uart.o(i.UART_DMATxOnlyAbortCallback), (20 bytes).
    Removing py32f0xx_hal_uart.o(i.UART_EndRxTransfer), (30 bytes).
    Removing py32f0xx_hal_uart.o(i.UART_EndTransmit_IT), (26 bytes).
    Removing py32f0xx_hal_uart.o(i.UART_EndTxTransfer), (18 bytes).
    Removing py32f0xx_hal_uart.o(i.UART_Receive_IT), (122 bytes).
    Removing py32f0xx_hal_uart.o(i.UART_SetConfig), (204 bytes).
    Removing py32f0xx_hal_uart.o(i.UART_Transmit_IT), (100 bytes).
    Removing py32f0xx_hal_uart.o(i.UART_WaitOnFlagUntilTimeout), (98 bytes).
    Removing py32f0xx_hal_usart.o(.rev16_text), (4 bytes).
    Removing py32f0xx_hal_usart.o(.revsh_text), (4 bytes).
    Removing py32f0xx_hal_wwdg.o(.rev16_text), (4 bytes).
    Removing py32f0xx_hal_wwdg.o(.revsh_text), (4 bytes).
    Removing py32f030xx_start_kit.o(.rev16_text), (4 bytes).
    Removing py32f030xx_start_kit.o(.revsh_text), (4 bytes).
    Removing py32f030xx_start_kit.o(i.BSP_GetVersion), (6 bytes).
    Removing py32f030xx_start_kit.o(i.BSP_LED_DeInit), (44 bytes).
    Removing py32f030xx_start_kit.o(i.BSP_LED_Init), (76 bytes).
    Removing py32f030xx_start_kit.o(i.BSP_LED_Off), (32 bytes).
    Removing py32f030xx_start_kit.o(i.BSP_LED_On), (32 bytes).
    Removing py32f030xx_start_kit.o(i.BSP_LED_Toggle), (28 bytes).
    Removing py32f030xx_start_kit.o(i.BSP_PB_DeInit), (48 bytes).
    Removing py32f030xx_start_kit.o(i.BSP_PB_GetState), (28 bytes).
    Removing py32f030xx_start_kit.o(i.BSP_PB_Init), (116 bytes).
    Removing py32f030xx_start_kit.o(i.BSP_USART_Config), (152 bytes).
    Removing py32f030xx_start_kit.o(i.fgetc), (24 bytes).
    Removing py32f030xx_start_kit.o(i.fputc), (24 bytes).
    Removing py32f030xx_start_kit.o(.bss), (76 bytes).
    Removing py32f030xx_start_kit.o(.constdata), (6 bytes).
    Removing py32f030xx_start_kit.o(.data), (8 bytes).
    Removing py32f0xx_hal_dma.o(i.__ARM_common_switch8), (26 bytes).

260 unused section(s) (total 14144 bytes) removed from the image.

==============================================================================

Image Symbol Table

    Local Symbols

    Symbol Name                              Value     Ov Type        Size  Object(Section)

    ../clib/angel/boardlib.s                 0x00000000   Number         0  boardinit1.o ABSOLUTE
    ../clib/angel/boardlib.s                 0x00000000   Number         0  boardinit2.o ABSOLUTE
    ../clib/angel/boardlib.s                 0x00000000   Number         0  boardinit3.o ABSOLUTE
    ../clib/angel/boardlib.s                 0x00000000   Number         0  boardshut.o ABSOLUTE
    ../clib/angel/handlers.s                 0x00000000   Number         0  __scatter_copy.o ABSOLUTE
    ../clib/angel/handlers.s                 0x00000000   Number         0  __scatter_zi.o ABSOLUTE
    ../clib/angel/kernel.s                   0x00000000   Number         0  __rtentry.o ABSOLUTE
    ../clib/angel/kernel.s                   0x00000000   Number         0  rtexit2.o ABSOLUTE
    ../clib/angel/kernel.s                   0x00000000   Number         0  rtexit.o ABSOLUTE
    ../clib/angel/kernel.s                   0x00000000   Number         0  __rtentry2.o ABSOLUTE
    ../clib/angel/kernel.s                   0x00000000   Number         0  __rtentry4.o ABSOLUTE
    ../clib/angel/rt.s                       0x00000000   Number         0  aeabi_idiv0.o ABSOLUTE
    ../clib/angel/rt.s                       0x00000000   Number         0  rt_div0.o ABSOLUTE
    ../clib/angel/rt.s                       0x00000000   Number         0  aeabi_idiv0_sigfpe.o ABSOLUTE
    ../clib/angel/rt.s                       0x00000000   Number         0  rt_raise.o ABSOLUTE
    ../clib/angel/scatterp.s                 0x00000000   Number         0  __scatter.o ABSOLUTE
    ../clib/angel/startup.s                  0x00000000   Number         0  __main.o ABSOLUTE
    ../clib/angel/sys.s                      0x00000000   Number         0  use_no_semi.o ABSOLUTE
    ../clib/angel/sys.s                      0x00000000   Number         0  libspace.o ABSOLUTE
    ../clib/angel/sys.s                      0x00000000   Number         0  tempstk.o ABSOLUTE
    ../clib/angel/sys.s                      0x00000000   Number         0  indicate_semi.o ABSOLUTE
    ../clib/angel/sys.s                      0x00000000   Number         0  sys_stackheap_outer.o ABSOLUTE
    ../clib/angel/sysapp.c                   0x00000000   Number         0  sys_wrch.o ABSOLUTE
    ../clib/angel/sysapp.c                   0x00000000   Number         0  sys_exit.o ABSOLUTE
    ../clib/angel/sysapp.c                   0x00000000   Number         0  sys_command.o ABSOLUTE
    ../clib/armsys.c                         0x00000000   Number         0  _get_argv_nomalloc.o ABSOLUTE
    ../clib/armsys.c                         0x00000000   Number         0  argv_veneer.o ABSOLUTE
    ../clib/armsys.c                         0x00000000   Number         0  no_argv.o ABSOLUTE
    ../clib/division.s                       0x00000000   Number         0  aeabi_sdiv_div0.o ABSOLUTE
    ../clib/division.s                       0x00000000   Number         0  aeabi_sdiv.o ABSOLUTE
    ../clib/heapalloc.c                      0x00000000   Number         0  hrguard.o ABSOLUTE
    ../clib/heapaux.c                        0x00000000   Number         0  heapauxi.o ABSOLUTE
    ../clib/libinit.s                        0x00000000   Number         0  libinit.o ABSOLUTE
    ../clib/libinit.s                        0x00000000   Number         0  libinit2.o ABSOLUTE
    ../clib/libinit.s                        0x00000000   Number         0  libshutdown.o ABSOLUTE
    ../clib/libinit.s                        0x00000000   Number         0  libshutdown2.o ABSOLUTE
    ../clib/memcpset.c                       0x00000000   Number         0  rt_memcpy.o ABSOLUTE
    ../clib/memcpset.c                       0x00000000   Number         0  rt_memcpy.o ABSOLUTE
    ../clib/signal.c                         0x00000000   Number         0  defsig_general.o ABSOLUTE
    ../clib/signal.c                         0x00000000   Number         0  defsig_cppl_inner.o ABSOLUTE
    ../clib/signal.c                         0x00000000   Number         0  defsig_segv_inner.o ABSOLUTE
    ../clib/signal.c                         0x00000000   Number         0  defsig_other.o ABSOLUTE
    ../clib/signal.c                         0x00000000   Number         0  defsig_rtmem_formal.o ABSOLUTE
    ../clib/signal.c                         0x00000000   Number         0  defsig_rtmem_outer.o ABSOLUTE
    ../clib/signal.c                         0x00000000   Number         0  defsig_rtmem_inner.o ABSOLUTE
    ../clib/signal.c                         0x00000000   Number         0  __raise.o ABSOLUTE
    ../clib/signal.c                         0x00000000   Number         0  defsig_fpe_formal.o ABSOLUTE
    ../clib/signal.c                         0x00000000   Number         0  defsig_abrt_inner.o ABSOLUTE
    ../clib/signal.c                         0x00000000   Number         0  defsig_fpe_inner.o ABSOLUTE
    ../clib/signal.c                         0x00000000   Number         0  defsig_fpe_outer.o ABSOLUTE
    ../clib/signal.c                         0x00000000   Number         0  defsig_exit.o ABSOLUTE
    ../clib/signal.c                         0x00000000   Number         0  defsig_rtred_inner.o ABSOLUTE
    ../clib/signal.c                         0x00000000   Number         0  defsig_stak_inner.o ABSOLUTE
    ../clib/signal.c                         0x00000000   Number         0  defsig_pvfn_inner.o ABSOLUTE
    ../clib/signal.s                         0x00000000   Number         0  defsig.o ABSOLUTE
    ../clib/stdlib.c                         0x00000000   Number         0  exit.o ABSOLUTE
    ../fplib/cfplib/fpinit.c                 0x00000000   Number         0  fpinit.o ABSOLUTE
    Core\Src\main.c                          0x00000000   Number         0  main.o ABSOLUTE
    Core\Src\py32f0xx_hal_msp.c              0x00000000   Number         0  py32f0xx_hal_msp.o ABSOLUTE
    Core\Src\py32f0xx_it.c                   0x00000000   Number         0  py32f0xx_it.o ABSOLUTE
    Core\\Src\\main.c                        0x00000000   Number         0  main.o ABSOLUTE
    Core\\Src\\py32f0xx_hal_msp.c            0x00000000   Number         0  py32f0xx_hal_msp.o ABSOLUTE
    Core\\Src\\py32f0xx_it.c                 0x00000000   Number         0  py32f0xx_it.o ABSOLUTE
    Drivers\BSP\PY32F030xx_Start_Kit\py32f030xx_Start_Kit.c 0x00000000   Number         0  py32f030xx_start_kit.o ABSOLUTE
    Drivers\PY32F0xx_HAL_Driver\Src\py32f0xx_hal.c 0x00000000   Number         0  py32f0xx_hal.o ABSOLUTE
    Drivers\PY32F0xx_HAL_Driver\Src\py32f0xx_hal_adc.c 0x00000000   Number         0  py32f0xx_hal_adc.o ABSOLUTE
    Drivers\PY32F0xx_HAL_Driver\Src\py32f0xx_hal_adc_ex.c 0x00000000   Number         0  py32f0xx_hal_adc_ex.o ABSOLUTE
    Drivers\PY32F0xx_HAL_Driver\Src\py32f0xx_hal_comp.c 0x00000000   Number         0  py32f0xx_hal_comp.o ABSOLUTE
    Drivers\PY32F0xx_HAL_Driver\Src\py32f0xx_hal_cortex.c 0x00000000   Number         0  py32f0xx_hal_cortex.o ABSOLUTE
    Drivers\PY32F0xx_HAL_Driver\Src\py32f0xx_hal_crc.c 0x00000000   Number         0  py32f0xx_hal_crc.o ABSOLUTE
    Drivers\PY32F0xx_HAL_Driver\Src\py32f0xx_hal_dma.c 0x00000000   Number         0  py32f0xx_hal_dma.o ABSOLUTE
    Drivers\PY32F0xx_HAL_Driver\Src\py32f0xx_hal_exti.c 0x00000000   Number         0  py32f0xx_hal_exti.o ABSOLUTE
    Drivers\PY32F0xx_HAL_Driver\Src\py32f0xx_hal_flash.c 0x00000000   Number         0  py32f0xx_hal_flash.o ABSOLUTE
    Drivers\PY32F0xx_HAL_Driver\Src\py32f0xx_hal_gpio.c 0x00000000   Number         0  py32f0xx_hal_gpio.o ABSOLUTE
    Drivers\PY32F0xx_HAL_Driver\Src\py32f0xx_hal_i2c.c 0x00000000   Number         0  py32f0xx_hal_i2c.o ABSOLUTE
    Drivers\PY32F0xx_HAL_Driver\Src\py32f0xx_hal_irda.c 0x00000000   Number         0  py32f0xx_hal_irda.o ABSOLUTE
    Drivers\PY32F0xx_HAL_Driver\Src\py32f0xx_hal_iwdg.c 0x00000000   Number         0  py32f0xx_hal_iwdg.o ABSOLUTE
    Drivers\PY32F0xx_HAL_Driver\Src\py32f0xx_hal_led.c 0x00000000   Number         0  py32f0xx_hal_led.o ABSOLUTE
    Drivers\PY32F0xx_HAL_Driver\Src\py32f0xx_hal_lptim.c 0x00000000   Number         0  py32f0xx_hal_lptim.o ABSOLUTE
    Drivers\PY32F0xx_HAL_Driver\Src\py32f0xx_hal_pwr.c 0x00000000   Number         0  py32f0xx_hal_pwr.o ABSOLUTE
    Drivers\PY32F0xx_HAL_Driver\Src\py32f0xx_hal_rcc.c 0x00000000   Number         0  py32f0xx_hal_rcc.o ABSOLUTE
    Drivers\PY32F0xx_HAL_Driver\Src\py32f0xx_hal_rcc_ex.c 0x00000000   Number         0  py32f0xx_hal_rcc_ex.o ABSOLUTE
    Drivers\PY32F0xx_HAL_Driver\Src\py32f0xx_hal_rtc.c 0x00000000   Number         0  py32f0xx_hal_rtc.o ABSOLUTE
    Drivers\PY32F0xx_HAL_Driver\Src\py32f0xx_hal_rtc_ex.c 0x00000000   Number         0  py32f0xx_hal_rtc_ex.o ABSOLUTE
    Drivers\PY32F0xx_HAL_Driver\Src\py32f0xx_hal_spi.c 0x00000000   Number         0  py32f0xx_hal_spi.o ABSOLUTE
    Drivers\PY32F0xx_HAL_Driver\Src\py32f0xx_hal_tim.c 0x00000000   Number         0  py32f0xx_hal_tim.o ABSOLUTE
    Drivers\PY32F0xx_HAL_Driver\Src\py32f0xx_hal_tim_ex.c 0x00000000   Number         0  py32f0xx_hal_tim_ex.o ABSOLUTE
    Drivers\PY32F0xx_HAL_Driver\Src\py32f0xx_hal_uart.c 0x00000000   Number         0  py32f0xx_hal_uart.o ABSOLUTE
    Drivers\PY32F0xx_HAL_Driver\Src\py32f0xx_hal_usart.c 0x00000000   Number         0  py32f0xx_hal_usart.o ABSOLUTE
    Drivers\PY32F0xx_HAL_Driver\Src\py32f0xx_hal_wwdg.c 0x00000000   Number         0  py32f0xx_hal_wwdg.o ABSOLUTE
    Drivers\\BSP\\PY32F030xx_Start_Kit\\py32f030xx_Start_Kit.c 0x00000000   Number         0  py32f030xx_start_kit.o ABSOLUTE
    Drivers\\PY32F0xx_HAL_Driver\\Src\\py32f0xx_hal.c 0x00000000   Number         0  py32f0xx_hal.o ABSOLUTE
    Drivers\\PY32F0xx_HAL_Driver\\Src\\py32f0xx_hal_adc.c 0x00000000   Number         0  py32f0xx_hal_adc.o ABSOLUTE
    Drivers\\PY32F0xx_HAL_Driver\\Src\\py32f0xx_hal_adc_ex.c 0x00000000   Number         0  py32f0xx_hal_adc_ex.o ABSOLUTE
    Drivers\\PY32F0xx_HAL_Driver\\Src\\py32f0xx_hal_comp.c 0x00000000   Number         0  py32f0xx_hal_comp.o ABSOLUTE
    Drivers\\PY32F0xx_HAL_Driver\\Src\\py32f0xx_hal_cortex.c 0x00000000   Number         0  py32f0xx_hal_cortex.o ABSOLUTE
    Drivers\\PY32F0xx_HAL_Driver\\Src\\py32f0xx_hal_crc.c 0x00000000   Number         0  py32f0xx_hal_crc.o ABSOLUTE
    Drivers\\PY32F0xx_HAL_Driver\\Src\\py32f0xx_hal_dma.c 0x00000000   Number         0  py32f0xx_hal_dma.o ABSOLUTE
    Drivers\\PY32F0xx_HAL_Driver\\Src\\py32f0xx_hal_exti.c 0x00000000   Number         0  py32f0xx_hal_exti.o ABSOLUTE
    Drivers\\PY32F0xx_HAL_Driver\\Src\\py32f0xx_hal_flash.c 0x00000000   Number         0  py32f0xx_hal_flash.o ABSOLUTE
    Drivers\\PY32F0xx_HAL_Driver\\Src\\py32f0xx_hal_gpio.c 0x00000000   Number         0  py32f0xx_hal_gpio.o ABSOLUTE
    Drivers\\PY32F0xx_HAL_Driver\\Src\\py32f0xx_hal_i2c.c 0x00000000   Number         0  py32f0xx_hal_i2c.o ABSOLUTE
    Drivers\\PY32F0xx_HAL_Driver\\Src\\py32f0xx_hal_irda.c 0x00000000   Number         0  py32f0xx_hal_irda.o ABSOLUTE
    Drivers\\PY32F0xx_HAL_Driver\\Src\\py32f0xx_hal_iwdg.c 0x00000000   Number         0  py32f0xx_hal_iwdg.o ABSOLUTE
    Drivers\\PY32F0xx_HAL_Driver\\Src\\py32f0xx_hal_led.c 0x00000000   Number         0  py32f0xx_hal_led.o ABSOLUTE
    Drivers\\PY32F0xx_HAL_Driver\\Src\\py32f0xx_hal_lptim.c 0x00000000   Number         0  py32f0xx_hal_lptim.o ABSOLUTE
    Drivers\\PY32F0xx_HAL_Driver\\Src\\py32f0xx_hal_pwr.c 0x00000000   Number         0  py32f0xx_hal_pwr.o ABSOLUTE
    Drivers\\PY32F0xx_HAL_Driver\\Src\\py32f0xx_hal_rcc.c 0x00000000   Number         0  py32f0xx_hal_rcc.o ABSOLUTE
    Drivers\\PY32F0xx_HAL_Driver\\Src\\py32f0xx_hal_rcc_ex.c 0x00000000   Number         0  py32f0xx_hal_rcc_ex.o ABSOLUTE
    Drivers\\PY32F0xx_HAL_Driver\\Src\\py32f0xx_hal_rtc.c 0x00000000   Number         0  py32f0xx_hal_rtc.o ABSOLUTE
    Drivers\\PY32F0xx_HAL_Driver\\Src\\py32f0xx_hal_rtc_ex.c 0x00000000   Number         0  py32f0xx_hal_rtc_ex.o ABSOLUTE
    Drivers\\PY32F0xx_HAL_Driver\\Src\\py32f0xx_hal_spi.c 0x00000000   Number         0  py32f0xx_hal_spi.o ABSOLUTE
    Drivers\\PY32F0xx_HAL_Driver\\Src\\py32f0xx_hal_tim.c 0x00000000   Number         0  py32f0xx_hal_tim.o ABSOLUTE
    Drivers\\PY32F0xx_HAL_Driver\\Src\\py32f0xx_hal_tim_ex.c 0x00000000   Number         0  py32f0xx_hal_tim_ex.o ABSOLUTE
    Drivers\\PY32F0xx_HAL_Driver\\Src\\py32f0xx_hal_uart.c 0x00000000   Number         0  py32f0xx_hal_uart.o ABSOLUTE
    Drivers\\PY32F0xx_HAL_Driver\\Src\\py32f0xx_hal_usart.c 0x00000000   Number         0  py32f0xx_hal_usart.o ABSOLUTE
    Drivers\\PY32F0xx_HAL_Driver\\Src\\py32f0xx_hal_wwdg.c 0x00000000   Number         0  py32f0xx_hal_wwdg.o ABSOLUTE
    Startup\\system_py32f0xx.c               0x00000000   Number         0  system_py32f0xx.o ABSOLUTE
    Startup\startup_py32f030xx.s             0x00000000   Number         0  startup_py32f030xx.o ABSOLUTE
    Startup\system_py32f0xx.c                0x00000000   Number         0  system_py32f0xx.o ABSOLUTE
    dc.s                                     0x00000000   Number         0  dc.o ABSOLUTE
    RESET                                    0x08000000   Section      192  startup_py32f030xx.o(RESET)
    !!!main                                  0x080000c0   Section        8  __main.o(!!!main)
    !!!scatter                               0x080000c8   Section       60  __scatter.o(!!!scatter)
    !!handler_copy                           0x08000104   Section       26  __scatter_copy.o(!!handler_copy)
    !!handler_zi                             0x08000120   Section       28  __scatter_zi.o(!!handler_zi)
    .ARM.Collect$$libinit$$00000000          0x0800013c   Section        2  libinit.o(.ARM.Collect$$libinit$$00000000)
    .ARM.Collect$$libinit$$00000002          0x0800013e   Section        0  libinit2.o(.ARM.Collect$$libinit$$00000002)
    .ARM.Collect$$libinit$$00000004          0x0800013e   Section        0  libinit2.o(.ARM.Collect$$libinit$$00000004)
    .ARM.Collect$$libinit$$0000000A          0x0800013e   Section        0  libinit2.o(.ARM.Collect$$libinit$$0000000A)
    .ARM.Collect$$libinit$$0000000C          0x0800013e   Section        0  libinit2.o(.ARM.Collect$$libinit$$0000000C)
    .ARM.Collect$$libinit$$0000000E          0x0800013e   Section        0  libinit2.o(.ARM.Collect$$libinit$$0000000E)
    .ARM.Collect$$libinit$$00000011          0x0800013e   Section        0  libinit2.o(.ARM.Collect$$libinit$$00000011)
    .ARM.Collect$$libinit$$00000013          0x0800013e   Section        0  libinit2.o(.ARM.Collect$$libinit$$00000013)
    .ARM.Collect$$libinit$$00000015          0x0800013e   Section        0  libinit2.o(.ARM.Collect$$libinit$$00000015)
    .ARM.Collect$$libinit$$00000017          0x0800013e   Section        0  libinit2.o(.ARM.Collect$$libinit$$00000017)
    .ARM.Collect$$libinit$$00000019          0x0800013e   Section        0  libinit2.o(.ARM.Collect$$libinit$$00000019)
    .ARM.Collect$$libinit$$0000001B          0x0800013e   Section        0  libinit2.o(.ARM.Collect$$libinit$$0000001B)
    .ARM.Collect$$libinit$$0000001D          0x0800013e   Section        0  libinit2.o(.ARM.Collect$$libinit$$0000001D)
    .ARM.Collect$$libinit$$0000001F          0x0800013e   Section        0  libinit2.o(.ARM.Collect$$libinit$$0000001F)
    .ARM.Collect$$libinit$$00000021          0x0800013e   Section        0  libinit2.o(.ARM.Collect$$libinit$$00000021)
    .ARM.Collect$$libinit$$00000023          0x0800013e   Section        0  libinit2.o(.ARM.Collect$$libinit$$00000023)
    .ARM.Collect$$libinit$$00000025          0x0800013e   Section        0  libinit2.o(.ARM.Collect$$libinit$$00000025)
    .ARM.Collect$$libinit$$0000002C          0x0800013e   Section        0  libinit2.o(.ARM.Collect$$libinit$$0000002C)
    .ARM.Collect$$libinit$$0000002E          0x0800013e   Section        0  libinit2.o(.ARM.Collect$$libinit$$0000002E)
    .ARM.Collect$$libinit$$00000030          0x0800013e   Section        0  libinit2.o(.ARM.Collect$$libinit$$00000030)
    .ARM.Collect$$libinit$$00000032          0x0800013e   Section        0  libinit2.o(.ARM.Collect$$libinit$$00000032)
    .ARM.Collect$$libinit$$00000033          0x0800013e   Section        2  libinit2.o(.ARM.Collect$$libinit$$00000033)
    .ARM.Collect$$libshutdown$$00000000      0x08000140   Section        2  libshutdown.o(.ARM.Collect$$libshutdown$$00000000)
    .ARM.Collect$$libshutdown$$00000002      0x08000142   Section        0  libshutdown2.o(.ARM.Collect$$libshutdown$$00000002)
    .ARM.Collect$$libshutdown$$00000004      0x08000142   Section        0  libshutdown2.o(.ARM.Collect$$libshutdown$$00000004)
    .ARM.Collect$$libshutdown$$00000006      0x08000142   Section        0  libshutdown2.o(.ARM.Collect$$libshutdown$$00000006)
    .ARM.Collect$$libshutdown$$00000009      0x08000142   Section        0  libshutdown2.o(.ARM.Collect$$libshutdown$$00000009)
    .ARM.Collect$$libshutdown$$0000000C      0x08000142   Section        0  libshutdown2.o(.ARM.Collect$$libshutdown$$0000000C)
    .ARM.Collect$$libshutdown$$0000000E      0x08000142   Section        0  libshutdown2.o(.ARM.Collect$$libshutdown$$0000000E)
    .ARM.Collect$$libshutdown$$00000011      0x08000142   Section        0  libshutdown2.o(.ARM.Collect$$libshutdown$$00000011)
    .ARM.Collect$$libshutdown$$00000012      0x08000142   Section        2  libshutdown2.o(.ARM.Collect$$libshutdown$$00000012)
    .ARM.Collect$$rtentry$$00000000          0x08000144   Section        0  __rtentry.o(.ARM.Collect$$rtentry$$00000000)
    .ARM.Collect$$rtentry$$00000002          0x08000144   Section        0  __rtentry2.o(.ARM.Collect$$rtentry$$00000002)
    .ARM.Collect$$rtentry$$00000004          0x08000144   Section        6  __rtentry4.o(.ARM.Collect$$rtentry$$00000004)
    .ARM.Collect$$rtentry$$00000009          0x0800014a   Section        0  __rtentry2.o(.ARM.Collect$$rtentry$$00000009)
    .ARM.Collect$$rtentry$$0000000A          0x0800014a   Section        4  __rtentry2.o(.ARM.Collect$$rtentry$$0000000A)
    .ARM.Collect$$rtentry$$0000000C          0x0800014e   Section        0  __rtentry2.o(.ARM.Collect$$rtentry$$0000000C)
    .ARM.Collect$$rtentry$$0000000D          0x0800014e   Section        8  __rtentry2.o(.ARM.Collect$$rtentry$$0000000D)
    .ARM.Collect$$rtexit$$00000000           0x08000156   Section        2  rtexit.o(.ARM.Collect$$rtexit$$00000000)
    .ARM.Collect$$rtexit$$00000002           0x08000158   Section        0  rtexit2.o(.ARM.Collect$$rtexit$$00000002)
    .ARM.Collect$$rtexit$$00000003           0x08000158   Section        4  rtexit2.o(.ARM.Collect$$rtexit$$00000003)
    .ARM.Collect$$rtexit$$00000004           0x0800015c   Section        6  rtexit2.o(.ARM.Collect$$rtexit$$00000004)
    .text                                    0x08000164   Section       52  startup_py32f030xx.o(.text)
    .text                                    0x08000198   Section        0  heapauxi.o(.text)
    .text                                    0x0800019e   Section       62  sys_stackheap_outer.o(.text)
    .text                                    0x080001dc   Section        0  exit.o(.text)
    .text                                    0x080001ec   Section        8  libspace.o(.text)
    .text                                    0x080001f4   Section        0  sys_exit.o(.text)
    .text                                    0x08000200   Section        2  use_no_semi.o(.text)
    .text                                    0x08000202   Section        0  indicate_semi.o(.text)
    i.$Sub$$main                             0x08000204   Section        0  system_py32f0xx.o(i.$Sub$$main)
    i.HAL_IncTick                            0x08000234   Section        0  py32f0xx_hal.o(i.HAL_IncTick)
    i.HardFault_Handler                      0x08000244   Section        0  py32f0xx_it.o(i.HardFault_Handler)
    i.NMI_Handler                            0x08000246   Section        0  py32f0xx_it.o(i.NMI_Handler)
    i.PendSV_Handler                         0x08000248   Section        0  py32f0xx_it.o(i.PendSV_Handler)
    i.SVC_Handler                            0x0800024a   Section        0  py32f0xx_it.o(i.SVC_Handler)
    i.SysTick_Handler                        0x0800024c   Section        0  py32f0xx_it.o(i.SysTick_Handler)
    i.SystemInit                             0x08000254   Section        0  system_py32f0xx.o(i.SystemInit)
    i.main                                   0x08000280   Section        0  main.o(i.main)
    .ARM.__at_0x20000000                     0x20000000   Section      192  system_py32f0xx.o(.ARM.__at_0x20000000)
    .data                                    0x200000c0   Section       12  py32f0xx_hal.o(.data)
    .bss                                     0x200000cc   Section       96  libspace.o(.bss)
    HEAP                                     0x20000130   Section        0  startup_py32f030xx.o(HEAP)
    STACK                                    0x20000130   Section     1024  startup_py32f030xx.o(STACK)
    Heap_Mem                                 0x20000130   Data           0  startup_py32f030xx.o(HEAP)
    Stack_Mem                                0x20000130   Data        1024  startup_py32f030xx.o(STACK)
    __initial_sp                             0x20000530   Data           0  startup_py32f030xx.o(STACK)

    Global Symbols

    Symbol Name                              Value     Ov Type        Size  Object(Section)

    BuildAttributes$$THM_ISAv3M$S$PE$A:L22$X:L11$S22$IEEE1$IW$USESV6$~STKCKD$USESV7$~SHL$OSPACE$ROPI$EBA8$UX$STANDARDLIB$REQ8$PRES8$EABIv2 0x00000000   Number         0  anon$$obj.o ABSOLUTE
    __ARM_use_no_argv                        0x00000000   Number         0  main.o ABSOLUTE
    __ARM_exceptions_init                     - Undefined Weak Reference
    __alloca_initialize                       - Undefined Weak Reference
    __arm_fini_                               - Undefined Weak Reference
    __arm_preinit_                            - Undefined Weak Reference
    __cpp_initialize__aeabi_                  - Undefined Weak Reference
    __cxa_finalize                            - Undefined Weak Reference
    __rt_locale                               - Undefined Weak Reference
    __sigvec_lookup                           - Undefined Weak Reference
    _atexit_init                              - Undefined Weak Reference
    _call_atexit_fns                          - Undefined Weak Reference
    _clock_init                               - Undefined Weak Reference
    _fp_trap_init                             - Undefined Weak Reference
    _fp_trap_shutdown                         - Undefined Weak Reference
    _get_lc_collate                           - Undefined Weak Reference
    _get_lc_ctype                             - Undefined Weak Reference
    _get_lc_monetary                          - Undefined Weak Reference
    _get_lc_numeric                           - Undefined Weak Reference
    _get_lc_time                              - Undefined Weak Reference
    _getenv_init                              - Undefined Weak Reference
    _handle_redirection                       - Undefined Weak Reference
    _init_alloc                               - Undefined Weak Reference
    _init_user_alloc                          - Undefined Weak Reference
    _initio                                   - Undefined Weak Reference
    _rand_init                                - Undefined Weak Reference
    _signal_finish                            - Undefined Weak Reference
    _signal_init                              - Undefined Weak Reference
    _terminate_alloc                          - Undefined Weak Reference
    _terminate_user_alloc                     - Undefined Weak Reference
    _terminateio                              - Undefined Weak Reference
    __Vectors_Size                           0x000000c0   Number         0  startup_py32f030xx.o ABSOLUTE
    __Vectors                                0x08000000   Data           4  startup_py32f030xx.o(RESET)
    __Vectors_End                            0x080000c0   Data           0  startup_py32f030xx.o(RESET)
    __main                                   0x080000c1   Thumb Code     8  __main.o(!!!main)
    __scatterload                            0x080000c9   Thumb Code     0  __scatter.o(!!!scatter)
    __scatterload_rt2                        0x080000c9   Thumb Code    52  __scatter.o(!!!scatter)
    __scatterload_rt2_thumb_only             0x080000c9   Thumb Code     0  __scatter.o(!!!scatter)
    __scatterload_null                       0x080000d9   Thumb Code     0  __scatter.o(!!!scatter)
    __scatterload_copy                       0x08000105   Thumb Code    26  __scatter_copy.o(!!handler_copy)
    __scatterload_zeroinit                   0x08000121   Thumb Code    28  __scatter_zi.o(!!handler_zi)
    __rt_lib_init                            0x0800013d   Thumb Code     0  libinit.o(.ARM.Collect$$libinit$$00000000)
    __rt_lib_init_alloca_1                   0x0800013f   Thumb Code     0  libinit2.o(.ARM.Collect$$libinit$$0000002E)
    __rt_lib_init_argv_1                     0x0800013f   Thumb Code     0  libinit2.o(.ARM.Collect$$libinit$$0000002C)
    __rt_lib_init_atexit_1                   0x0800013f   Thumb Code     0  libinit2.o(.ARM.Collect$$libinit$$0000001B)
    __rt_lib_init_clock_1                    0x0800013f   Thumb Code     0  libinit2.o(.ARM.Collect$$libinit$$00000021)
    __rt_lib_init_cpp_1                      0x0800013f   Thumb Code     0  libinit2.o(.ARM.Collect$$libinit$$00000032)
    __rt_lib_init_exceptions_1               0x0800013f   Thumb Code     0  libinit2.o(.ARM.Collect$$libinit$$00000030)
    __rt_lib_init_fp_1                       0x0800013f   Thumb Code     0  libinit2.o(.ARM.Collect$$libinit$$00000002)
    __rt_lib_init_fp_trap_1                  0x0800013f   Thumb Code     0  libinit2.o(.ARM.Collect$$libinit$$0000001F)
    __rt_lib_init_getenv_1                   0x0800013f   Thumb Code     0  libinit2.o(.ARM.Collect$$libinit$$00000023)
    __rt_lib_init_heap_1                     0x0800013f   Thumb Code     0  libinit2.o(.ARM.Collect$$libinit$$0000000A)
    __rt_lib_init_lc_collate_1               0x0800013f   Thumb Code     0  libinit2.o(.ARM.Collect$$libinit$$00000011)
    __rt_lib_init_lc_ctype_1                 0x0800013f   Thumb Code     0  libinit2.o(.ARM.Collect$$libinit$$00000013)
    __rt_lib_init_lc_monetary_1              0x0800013f   Thumb Code     0  libinit2.o(.ARM.Collect$$libinit$$00000015)
    __rt_lib_init_lc_numeric_1               0x0800013f   Thumb Code     0  libinit2.o(.ARM.Collect$$libinit$$00000017)
    __rt_lib_init_lc_time_1                  0x0800013f   Thumb Code     0  libinit2.o(.ARM.Collect$$libinit$$00000019)
    __rt_lib_init_preinit_1                  0x0800013f   Thumb Code     0  libinit2.o(.ARM.Collect$$libinit$$00000004)
    __rt_lib_init_rand_1                     0x0800013f   Thumb Code     0  libinit2.o(.ARM.Collect$$libinit$$0000000E)
    __rt_lib_init_return                     0x0800013f   Thumb Code     0  libinit2.o(.ARM.Collect$$libinit$$00000033)
    __rt_lib_init_signal_1                   0x0800013f   Thumb Code     0  libinit2.o(.ARM.Collect$$libinit$$0000001D)
    __rt_lib_init_stdio_1                    0x0800013f   Thumb Code     0  libinit2.o(.ARM.Collect$$libinit$$00000025)
    __rt_lib_init_user_alloc_1               0x0800013f   Thumb Code     0  libinit2.o(.ARM.Collect$$libinit$$0000000C)
    __rt_lib_shutdown                        0x08000141   Thumb Code     0  libshutdown.o(.ARM.Collect$$libshutdown$$00000000)
    __rt_lib_shutdown_cpp_1                  0x08000143   Thumb Code     0  libshutdown2.o(.ARM.Collect$$libshutdown$$00000004)
    __rt_lib_shutdown_fini_1                 0x08000143   Thumb Code     0  libshutdown2.o(.ARM.Collect$$libshutdown$$00000002)
    __rt_lib_shutdown_fp_trap_1              0x08000143   Thumb Code     0  libshutdown2.o(.ARM.Collect$$libshutdown$$00000009)
    __rt_lib_shutdown_heap_1                 0x08000143   Thumb Code     0  libshutdown2.o(.ARM.Collect$$libshutdown$$00000011)
    __rt_lib_shutdown_return                 0x08000143   Thumb Code     0  libshutdown2.o(.ARM.Collect$$libshutdown$$00000012)
    __rt_lib_shutdown_signal_1               0x08000143   Thumb Code     0  libshutdown2.o(.ARM.Collect$$libshutdown$$0000000C)
    __rt_lib_shutdown_stdio_1                0x08000143   Thumb Code     0  libshutdown2.o(.ARM.Collect$$libshutdown$$00000006)
    __rt_lib_shutdown_user_alloc_1           0x08000143   Thumb Code     0  libshutdown2.o(.ARM.Collect$$libshutdown$$0000000E)
    __rt_entry                               0x08000145   Thumb Code     0  __rtentry.o(.ARM.Collect$$rtentry$$00000000)
    __rt_entry_presh_1                       0x08000145   Thumb Code     0  __rtentry2.o(.ARM.Collect$$rtentry$$00000002)
    __rt_entry_sh                            0x08000145   Thumb Code     0  __rtentry4.o(.ARM.Collect$$rtentry$$00000004)
    __rt_entry_li                            0x0800014b   Thumb Code     0  __rtentry2.o(.ARM.Collect$$rtentry$$0000000A)
    __rt_entry_postsh_1                      0x0800014b   Thumb Code     0  __rtentry2.o(.ARM.Collect$$rtentry$$00000009)
    __rt_entry_main                          0x0800014f   Thumb Code     0  __rtentry2.o(.ARM.Collect$$rtentry$$0000000D)
    __rt_entry_postli_1                      0x0800014f   Thumb Code     0  __rtentry2.o(.ARM.Collect$$rtentry$$0000000C)
    __rt_exit                                0x08000157   Thumb Code     0  rtexit.o(.ARM.Collect$$rtexit$$00000000)
    __rt_exit_ls                             0x08000159   Thumb Code     0  rtexit2.o(.ARM.Collect$$rtexit$$00000003)
    __rt_exit_prels_1                        0x08000159   Thumb Code     0  rtexit2.o(.ARM.Collect$$rtexit$$00000002)
    __rt_exit_exit                           0x0800015d   Thumb Code     0  rtexit2.o(.ARM.Collect$$rtexit$$00000004)
    Reset_Handler                            0x08000165   Thumb Code     8  startup_py32f030xx.o(.text)
    ADC_COMP_IRQHandler                      0x08000177   Thumb Code     0  startup_py32f030xx.o(.text)
    DMA1_Channel1_IRQHandler                 0x08000177   Thumb Code     0  startup_py32f030xx.o(.text)
    DMA1_Channel2_3_IRQHandler               0x08000177   Thumb Code     0  startup_py32f030xx.o(.text)
    EXTI0_1_IRQHandler                       0x08000177   Thumb Code     0  startup_py32f030xx.o(.text)
    EXTI2_3_IRQHandler                       0x08000177   Thumb Code     0  startup_py32f030xx.o(.text)
    EXTI4_15_IRQHandler                      0x08000177   Thumb Code     0  startup_py32f030xx.o(.text)
    FLASH_IRQHandler                         0x08000177   Thumb Code     0  startup_py32f030xx.o(.text)
    I2C1_IRQHandler                          0x08000177   Thumb Code     0  startup_py32f030xx.o(.text)
    LED_IRQHandler                           0x08000177   Thumb Code     0  startup_py32f030xx.o(.text)
    LPTIM1_IRQHandler                        0x08000177   Thumb Code     0  startup_py32f030xx.o(.text)
    PVD_IRQHandler                           0x08000177   Thumb Code     0  startup_py32f030xx.o(.text)
    RCC_IRQHandler                           0x08000177   Thumb Code     0  startup_py32f030xx.o(.text)
    RTC_IRQHandler                           0x08000177   Thumb Code     0  startup_py32f030xx.o(.text)
    SPI1_IRQHandler                          0x08000177   Thumb Code     0  startup_py32f030xx.o(.text)
    SPI2_IRQHandler                          0x08000177   Thumb Code     0  startup_py32f030xx.o(.text)
    TIM14_IRQHandler                         0x08000177   Thumb Code     0  startup_py32f030xx.o(.text)
    TIM16_IRQHandler                         0x08000177   Thumb Code     0  startup_py32f030xx.o(.text)
    TIM17_IRQHandler                         0x08000177   Thumb Code     0  startup_py32f030xx.o(.text)
    TIM1_BRK_UP_TRG_COM_IRQHandler           0x08000177   Thumb Code     0  startup_py32f030xx.o(.text)
    TIM1_CC_IRQHandler                       0x08000177   Thumb Code     0  startup_py32f030xx.o(.text)
    TIM3_IRQHandler                          0x08000177   Thumb Code     0  startup_py32f030xx.o(.text)
    USART1_IRQHandler                        0x08000177   Thumb Code     0  startup_py32f030xx.o(.text)
    USART2_IRQHandler                        0x08000177   Thumb Code     0  startup_py32f030xx.o(.text)
    WWDG_IRQHandler                          0x08000177   Thumb Code     0  startup_py32f030xx.o(.text)
    __user_initial_stackheap                 0x08000179   Thumb Code     0  startup_py32f030xx.o(.text)
    __use_two_region_memory                  0x08000199   Thumb Code     2  heapauxi.o(.text)
    __rt_heap_escrow$2region                 0x0800019b   Thumb Code     2  heapauxi.o(.text)
    __rt_heap_expand$2region                 0x0800019d   Thumb Code     2  heapauxi.o(.text)
    __user_setup_stackheap                   0x0800019f   Thumb Code    62  sys_stackheap_outer.o(.text)
    exit                                     0x080001dd   Thumb Code    16  exit.o(.text)
    __user_libspace                          0x080001ed   Thumb Code     8  libspace.o(.text)
    __user_perproc_libspace                  0x080001ed   Thumb Code     0  libspace.o(.text)
    __user_perthread_libspace                0x080001ed   Thumb Code     0  libspace.o(.text)
    _sys_exit                                0x080001f5   Thumb Code     8  sys_exit.o(.text)
    __I$use$semihosting                      0x08000201   Thumb Code     0  use_no_semi.o(.text)
    __use_no_semihosting_swi                 0x08000201   Thumb Code     2  use_no_semi.o(.text)
    __semihosting_library_function           0x08000203   Thumb Code     0  indicate_semi.o(.text)
    main                                     0x08000205   Thumb Code    40  system_py32f0xx.o(i.$Sub$$main)
    HAL_IncTick                              0x08000235   Thumb Code    12  py32f0xx_hal.o(i.HAL_IncTick)
    HardFault_Handler                        0x08000245   Thumb Code     2  py32f0xx_it.o(i.HardFault_Handler)
    NMI_Handler                              0x08000247   Thumb Code     2  py32f0xx_it.o(i.NMI_Handler)
    PendSV_Handler                           0x08000249   Thumb Code     2  py32f0xx_it.o(i.PendSV_Handler)
    SVC_Handler                              0x0800024b   Thumb Code     2  py32f0xx_it.o(i.SVC_Handler)
    SysTick_Handler                          0x0800024d   Thumb Code     8  py32f0xx_it.o(i.SysTick_Handler)
    SystemInit                               0x08000255   Thumb Code    30  system_py32f0xx.o(i.SystemInit)
    $Super$$main                             0x08000281   Thumb Code     2  main.o(i.main)
    Region$$Table$$Base                      0x08000284   Number         0  anon$$obj.o(Region$$Table)
    Region$$Table$$Limit                     0x080002a4   Number         0  anon$$obj.o(Region$$Table)
    VECT_SRAM_TAB                            0x20000000   Data         192  system_py32f0xx.o(.ARM.__at_0x20000000)
    uwTickPrio                               0x200000c0   Data           4  py32f0xx_hal.o(.data)
    uwTickFreq                               0x200000c4   Data           4  py32f0xx_hal.o(.data)
    uwTick                                   0x200000c8   Data           4  py32f0xx_hal.o(.data)
    __libspace_start                         0x200000cc   Data          96  libspace.o(.bss)
    __temporary_stack_top$libspace           0x2000012c   Data           0  libspace.o(.bss)



==============================================================================

Memory Map of the image

  Image Entry point : 0x080000c1

  Load Region LR_IROM1 (Base: 0x08000000, Size: 0x00000370, Max: 0x00010000, ABSOLUTE)

    Execution Region ER_IROM1 (Exec base: 0x08000000, Load base: 0x08000000, Size: 0x000002a4, Max: 0x00010000, ABSOLUTE)

    Exec Addr    Load Addr    Size         Type   Attr      Idx    E Section Name        Object

    0x08000000   0x08000000   0x000000c0   Data   RO          113    RESET               startup_py32f030xx.o
    0x080000c0   0x080000c0   0x00000008   Code   RO         1918  * !!!main             c_p.l(__main.o)
    0x080000c8   0x080000c8   0x0000003c   Code   RO         2089    !!!scatter          c_p.l(__scatter.o)
    0x08000104   0x08000104   0x0000001a   Code   RO         2091    !!handler_copy      c_p.l(__scatter_copy.o)
    0x0800011e   0x0800011e   0x00000002   PAD
    0x08000120   0x08000120   0x0000001c   Code   RO         2093    !!handler_zi        c_p.l(__scatter_zi.o)
    0x0800013c   0x0800013c   0x00000002   Code   RO         1956    .ARM.Collect$$libinit$$00000000  c_p.l(libinit.o)
    0x0800013e   0x0800013e   0x00000000   Code   RO         1970    .ARM.Collect$$libinit$$00000002  c_p.l(libinit2.o)
    0x0800013e   0x0800013e   0x00000000   Code   RO         1972    .ARM.Collect$$libinit$$00000004  c_p.l(libinit2.o)
    0x0800013e   0x0800013e   0x00000000   Code   RO         1975    .ARM.Collect$$libinit$$0000000A  c_p.l(libinit2.o)
    0x0800013e   0x0800013e   0x00000000   Code   RO         1977    .ARM.Collect$$libinit$$0000000C  c_p.l(libinit2.o)
    0x0800013e   0x0800013e   0x00000000   Code   RO         1979    .ARM.Collect$$libinit$$0000000E  c_p.l(libinit2.o)
    0x0800013e   0x0800013e   0x00000000   Code   RO         1982    .ARM.Collect$$libinit$$00000011  c_p.l(libinit2.o)
    0x0800013e   0x0800013e   0x00000000   Code   RO         1984    .ARM.Collect$$libinit$$00000013  c_p.l(libinit2.o)
    0x0800013e   0x0800013e   0x00000000   Code   RO         1986    .ARM.Collect$$libinit$$00000015  c_p.l(libinit2.o)
    0x0800013e   0x0800013e   0x00000000   Code   RO         1988    .ARM.Collect$$libinit$$00000017  c_p.l(libinit2.o)
    0x0800013e   0x0800013e   0x00000000   Code   RO         1990    .ARM.Collect$$libinit$$00000019  c_p.l(libinit2.o)
    0x0800013e   0x0800013e   0x00000000   Code   RO         1992    .ARM.Collect$$libinit$$0000001B  c_p.l(libinit2.o)
    0x0800013e   0x0800013e   0x00000000   Code   RO         1994    .ARM.Collect$$libinit$$0000001D  c_p.l(libinit2.o)
    0x0800013e   0x0800013e   0x00000000   Code   RO         1996    .ARM.Collect$$libinit$$0000001F  c_p.l(libinit2.o)
    0x0800013e   0x0800013e   0x00000000   Code   RO         1998    .ARM.Collect$$libinit$$00000021  c_p.l(libinit2.o)
    0x0800013e   0x0800013e   0x00000000   Code   RO         2000    .ARM.Collect$$libinit$$00000023  c_p.l(libinit2.o)
    0x0800013e   0x0800013e   0x00000000   Code   RO         2002    .ARM.Collect$$libinit$$00000025  c_p.l(libinit2.o)
    0x0800013e   0x0800013e   0x00000000   Code   RO         2006    .ARM.Collect$$libinit$$0000002C  c_p.l(libinit2.o)
    0x0800013e   0x0800013e   0x00000000   Code   RO         2008    .ARM.Collect$$libinit$$0000002E  c_p.l(libinit2.o)
    0x0800013e   0x0800013e   0x00000000   Code   RO         2010    .ARM.Collect$$libinit$$00000030  c_p.l(libinit2.o)
    0x0800013e   0x0800013e   0x00000000   Code   RO         2012    .ARM.Collect$$libinit$$00000032  c_p.l(libinit2.o)
    0x0800013e   0x0800013e   0x00000002   Code   RO         2013    .ARM.Collect$$libinit$$00000033  c_p.l(libinit2.o)
    0x08000140   0x08000140   0x00000002   Code   RO         2044    .ARM.Collect$$libshutdown$$00000000  c_p.l(libshutdown.o)
    0x08000142   0x08000142   0x00000000   Code   RO         2070    .ARM.Collect$$libshutdown$$00000002  c_p.l(libshutdown2.o)
    0x08000142   0x08000142   0x00000000   Code   RO         2072    .ARM.Collect$$libshutdown$$00000004  c_p.l(libshutdown2.o)
    0x08000142   0x08000142   0x00000000   Code   RO         2074    .ARM.Collect$$libshutdown$$00000006  c_p.l(libshutdown2.o)
    0x08000142   0x08000142   0x00000000   Code   RO         2077    .ARM.Collect$$libshutdown$$00000009  c_p.l(libshutdown2.o)
    0x08000142   0x08000142   0x00000000   Code   RO         2080    .ARM.Collect$$libshutdown$$0000000C  c_p.l(libshutdown2.o)
    0x08000142   0x08000142   0x00000000   Code   RO         2082    .ARM.Collect$$libshutdown$$0000000E  c_p.l(libshutdown2.o)
    0x08000142   0x08000142   0x00000000   Code   RO         2085    .ARM.Collect$$libshutdown$$00000011  c_p.l(libshutdown2.o)
    0x08000142   0x08000142   0x00000002   Code   RO         2086    .ARM.Collect$$libshutdown$$00000012  c_p.l(libshutdown2.o)
    0x08000144   0x08000144   0x00000000   Code   RO         1920    .ARM.Collect$$rtentry$$00000000  c_p.l(__rtentry.o)
    0x08000144   0x08000144   0x00000000   Code   RO         1926    .ARM.Collect$$rtentry$$00000002  c_p.l(__rtentry2.o)
    0x08000144   0x08000144   0x00000006   Code   RO         1938    .ARM.Collect$$rtentry$$00000004  c_p.l(__rtentry4.o)
    0x0800014a   0x0800014a   0x00000000   Code   RO         1928    .ARM.Collect$$rtentry$$00000009  c_p.l(__rtentry2.o)
    0x0800014a   0x0800014a   0x00000004   Code   RO         1929    .ARM.Collect$$rtentry$$0000000A  c_p.l(__rtentry2.o)
    0x0800014e   0x0800014e   0x00000000   Code   RO         1931    .ARM.Collect$$rtentry$$0000000C  c_p.l(__rtentry2.o)
    0x0800014e   0x0800014e   0x00000008   Code   RO         1932    .ARM.Collect$$rtentry$$0000000D  c_p.l(__rtentry2.o)
    0x08000156   0x08000156   0x00000002   Code   RO         1961    .ARM.Collect$$rtexit$$00000000  c_p.l(rtexit.o)
    0x08000158   0x08000158   0x00000000   Code   RO         2017    .ARM.Collect$$rtexit$$00000002  c_p.l(rtexit2.o)
    0x08000158   0x08000158   0x00000004   Code   RO         2018    .ARM.Collect$$rtexit$$00000003  c_p.l(rtexit2.o)
    0x0800015c   0x0800015c   0x00000006   Code   RO         2019    .ARM.Collect$$rtexit$$00000004  c_p.l(rtexit2.o)
    0x08000162   0x08000162   0x00000002   PAD
    0x08000164   0x08000164   0x00000034   Code   RO          114    .text               startup_py32f030xx.o
    0x08000198   0x08000198   0x00000006   Code   RO         1916    .text               c_p.l(heapauxi.o)
    0x0800019e   0x0800019e   0x0000003e   Code   RO         1942    .text               c_p.l(sys_stackheap_outer.o)
    0x080001dc   0x080001dc   0x00000010   Code   RO         1945    .text               c_p.l(exit.o)
    0x080001ec   0x080001ec   0x00000008   Code   RO         1957    .text               c_p.l(libspace.o)
    0x080001f4   0x080001f4   0x0000000c   Code   RO         2014    .text               c_p.l(sys_exit.o)
    0x08000200   0x08000200   0x00000002   Code   RO         2033    .text               c_p.l(use_no_semi.o)
    0x08000202   0x08000202   0x00000000   Code   RO         2035    .text               c_p.l(indicate_semi.o)
    0x08000202   0x08000202   0x00000002   PAD
    0x08000204   0x08000204   0x00000030   Code   RO            3    i.$Sub$$main        system_py32f0xx.o
    0x08000234   0x08000234   0x00000010   Code   RO          308    i.HAL_IncTick       py32f0xx_hal.o
    0x08000244   0x08000244   0x00000002   Code   RO          154    i.HardFault_Handler  py32f0xx_it.o
    0x08000246   0x08000246   0x00000002   Code   RO          155    i.NMI_Handler       py32f0xx_it.o
    0x08000248   0x08000248   0x00000002   Code   RO          156    i.PendSV_Handler    py32f0xx_it.o
    0x0800024a   0x0800024a   0x00000002   Code   RO          157    i.SVC_Handler       py32f0xx_it.o
    0x0800024c   0x0800024c   0x00000008   Code   RO          158    i.SysTick_Handler   py32f0xx_it.o
    0x08000254   0x08000254   0x0000002c   Code   RO            5    i.SystemInit        system_py32f0xx.o
    0x08000280   0x08000280   0x00000002   Code   RO          205    i.main              main.o
    0x08000282   0x08000282   0x00000002   PAD
    0x08000284   0x08000284   0x00000020   Data   RO         2087    Region$$Table       anon$$obj.o


    Execution Region RW_IRAM1 (Exec base: 0x20000000, Load base: 0x080002a4, Size: 0x00000530, Max: 0x00002000, ABSOLUTE)

    Exec Addr    Load Addr    Size         Type   Attr      Idx    E Section Name        Object

    0x20000000   0x080002a4   0x000000c0   Data   RW            6    .ARM.__at_0x20000000  system_py32f0xx.o
    0x200000c0   0x08000364   0x0000000c   Data   RW          317    .data               py32f0xx_hal.o
    0x200000cc        -       0x00000060   Zero   RW         1958    .bss                c_p.l(libspace.o)
    0x2000012c   0x08000370   0x00000004   PAD
    0x20000130        -       0x00000000   Zero   RW          112    HEAP                startup_py32f030xx.o
    0x20000130        -       0x00000400   Zero   RW          111    STACK               startup_py32f030xx.o


==============================================================================

Image component sizes


      Code (inc. data)   RO Data    RW Data    ZI Data      Debug   Object Name

         2          0          0          0          0        399   main.o
        16          4          0         12          0       1565   py32f0xx_hal.o
        16          0          0          0          0       1963   py32f0xx_it.o
        52         22        192          0       1024        596   startup_py32f030xx.o
        92         22          0        192          0       6391   system_py32f0xx.o

    ----------------------------------------------------------------------
       180         48        224        204       1024      10914   Object Totals
         0          0         32          0          0          0   (incl. Generated)
         2          0          0          0          0          0   (incl. Padding)

    ----------------------------------------------------------------------

      Code (inc. data)   RO Data    RW Data    ZI Data      Debug   Library Member Name

         8          0          0          0          0         68   __main.o
         0          0          0          0          0          0   __rtentry.o
        12          0          0          0          0          0   __rtentry2.o
         6          0          0          0          0          0   __rtentry4.o
        60          8          0          0          0          0   __scatter.o
        26          0          0          0          0          0   __scatter_copy.o
        28          0          0          0          0          0   __scatter_zi.o
        16          0          0          0          0         68   exit.o
         6          0          0          0          0        136   heapauxi.o
         0          0          0          0          0          0   indicate_semi.o
         2          0          0          0          0          0   libinit.o
         2          0          0          0          0          0   libinit2.o
         2          0          0          0          0          0   libshutdown.o
         2          0          0          0          0          0   libshutdown2.o
         8          4          0          0         96         68   libspace.o
         2          0          0          0          0          0   rtexit.o
        10          0          0          0          0          0   rtexit2.o
        12          4          0          0          0         60   sys_exit.o
        62          0          0          0          0         80   sys_stackheap_outer.o
         2          0          0          0          0         68   use_no_semi.o

    ----------------------------------------------------------------------
       272         16          0          0        100        548   Library Totals
         6          0          0          0          4          0   (incl. Padding)

    ----------------------------------------------------------------------

      Code (inc. data)   RO Data    RW Data    ZI Data      Debug   Library Name

       266         16          0          0         96        548   c_p.l

    ----------------------------------------------------------------------
       272         16          0          0        100        548   Library Totals

    ----------------------------------------------------------------------

==============================================================================


      Code (inc. data)   RO Data    RW Data    ZI Data      Debug   

       452         64        224        204       1124      11018   Grand Totals
       452         64        224        204       1124      11018   ELF Image Totals
       452         64        224        204          0          0   ROM Totals

==============================================================================

    Total RO  Size (Code + RO Data)                  676 (   0.66kB)
    Total RW  Size (RW Data + ZI Data)              1328 (   1.30kB)
    Total ROM Size (Code + RO Data + RW Data)        880 (   0.86kB)

==============================================================================

